Archive member included because of file (symbol)

c:/Espressif/ESP8266_SDK/lib\libmain.a(debug-vector.o)
                              (_DebugExceptionVector)
c:/Espressif/ESP8266_SDK/lib\libmain.a(double-vector.o)
                              (_DoubleExceptionVector)
c:/Espressif/ESP8266_SDK/lib\libmain.a(kernel-vector.o)
                              (_KernelExceptionVector)
c:/Espressif/ESP8266_SDK/lib\libmain.a(nmi-vector.o)
                              (_NMIExceptionVector)
c:/Espressif/ESP8266_SDK/lib\libmain.a(user-vector.o)
                              (_UserExceptionVector)
c:/Espressif/ESP8266_SDK/lib\libmain.a(vector.o)
                              (call_user_start)
c:/Espressif/ESP8266_SDK/lib\libmain.a(app_main.o)
                              c:/Espressif/ESP8266_SDK/lib\libmain.a(nmi-vector.o) (NMI_Handler)
c:/Espressif/ESP8266_SDK/lib\libmain.a(ets_timer.o)
                              c:/Espressif/ESP8266_SDK/lib\libmain.a(app_main.o) (ets_timer_setfn)
c:/Espressif/ESP8266_SDK/lib\libmain.a(mem_manager.o)
                              c:/Espressif/ESP8266_SDK/lib\libmain.a(app_main.o) (pvPortMalloc)
c:/Espressif/ESP8266_SDK/lib\libmain.a(spi_flash.o)
                              c:/Espressif/ESP8266_SDK/lib\libmain.a(app_main.o) (spi_flash_read)
c:/Espressif/ESP8266_SDK/lib\libmain.a(user_interface.o)
                              c:/Espressif/ESP8266_SDK/lib\libmain.a(app_main.o) (done_cb)
c:/Espressif/ESP8266_SDK/lib\libmain.a(eagle_lib.o)
                              c:/Espressif/ESP8266_SDK/lib\libmain.a(user_interface.o) (ets_sprintf)
c:/Espressif/ESP8266_SDK/lib\libmain.a(eagle_lwip_if.o)
                              c:/Espressif/ESP8266_SDK/lib\libmain.a(user_interface.o) (hostname)
c:/tools/sming/Sming/compiler/lib/\libsming.a(user_main.o)
                              c:/Espressif/ESP8266_SDK/lib\libmain.a(app_main.o) (user_init)
c:/tools/sming/Sming/compiler/lib/\libsming.a(System.o)
                              c:/tools/sming/Sming/compiler/lib/\libsming.a(user_main.o) (SystemClass::initialize())
c:/tools/sming/Sming/compiler/lib/\libsming.a(esp_cplusplus.o)
                              c:/tools/sming/Sming/compiler/lib/\libsming.a(user_main.o) (cpp_core_initialize)
c:/tools/sming/Sming/compiler/lib/\libsming.a(m_printf.o)
                              c:/tools/sming/Sming/compiler/lib/\libsming.a(esp_cplusplus.o) (m_printf)
c:/tools/sming/Sming/compiler/lib/\libsming.a(stringconversion.o)
                              c:/tools/sming/Sming/compiler/lib/\libsming.a(m_printf.o) (ltoa_w)
c:/tools/sming/Sming/compiler/lib/\libsming.a(IPAddress.o)
                              c:/tools/sming/Sming/compiler/lib/\libsming.a(user_main.o) (IPAddress::IPAddress(unsigned char, unsigned char, unsigned char, unsigned char))
c:/tools/sming/Sming/compiler/lib/\libsming.a(Print.o)
                              c:/tools/sming/Sming/compiler/lib/\libsming.a(IPAddress.o) (Print::print(char))
c:/tools/sming/Sming/compiler/lib/\libsming.a(WString.o)
                              c:/tools/sming/Sming/compiler/lib/\libsming.a(IPAddress.o) (String::~String())
c:/tools/sming/Sming/compiler/lib/\libsming.a(Interrupts.o)
                              c:/tools/sming/Sming/compiler/lib/\libsming.a(System.o) (noInterrupts())
c:/tools/sming/Sming/compiler/lib/\libsming.a(Digital.o)
                              c:/tools/sming/Sming/compiler/lib/\libsming.a(Interrupts.o) (pinMode(unsigned short, unsigned char))
out/build/app_app.a(application.o)
                              c:/tools/sming/Sming/compiler/lib/\libsming.a(user_main.o) (init())
c:/tools/sming/Sming/compiler/lib/\libmicroc.a(isspace.o)
                              c:/tools/sming/Sming/compiler/lib/\libsming.a(WString.o) (isspace)
c:/tools/sming/Sming/compiler/lib/\libmicroc.a(tolower.o)
                              c:/tools/sming/Sming/compiler/lib/\libsming.a(WString.o) (tolower)
c:/tools/sming/Sming/compiler/lib/\libmicroc.a(toupper.o)
                              c:/tools/sming/Sming/compiler/lib/\libsming.a(WString.o) (toupper)
c:/tools/sming/Sming/compiler/lib/\libmicroc.a(atof.o)
                              c:/tools/sming/Sming/compiler/lib/\libsming.a(WString.o) (atof)
c:/tools/sming/Sming/compiler/lib/\libmicroc.a(atoi.o)
                              c:/tools/sming/Sming/compiler/lib/\libsming.a(WString.o) (atoi)
c:/tools/sming/Sming/compiler/lib/\libmicroc.a(strtod.o)
                              c:/tools/sming/Sming/compiler/lib/\libmicroc.a(atof.o) (strtod)
c:/tools/sming/Sming/compiler/lib/\libmicroc.a(__fpclassify.o)
                              c:/tools/sming/Sming/compiler/lib/\libsming.a(stringconversion.o) (__fpclassifyd)
c:/tools/sming/Sming/compiler/lib/\libmicroc.a(strchr.o)
                              c:/tools/sming/Sming/compiler/lib/\libsming.a(WString.o) (strchr)
c:/tools/sming/Sming/compiler/lib/\libmicroc.a(strrchr.o)
[...]
Memory Configuration

Name             Origin             Length             Attributes
dport0_0_seg     0x3ff00000         0x00000010
dram0_0_seg      0x3ffe8000         0x00014000
iram1_0_seg      0x40100000         0x00008000
irom0_0_seg      0x40209000         0x00042000
*default*        0x00000000         0xffffffff

Linker script and memory map

START GROUP
LOAD c:/tools/sming/Sming/compiler/lib/\libmicroc.a
LOAD c:/tools/sming/Sming/compiler/lib/\libmicrogcc.a
LOAD c:/espressif/xtensa-lx106-elf/bin/../lib/gcc/xtensa-lx106-elf/5.1.0/../../../../xtensa-lx106-elf/lib\libhal.a
LOAD c:/Espressif/ESP8266_SDK/lib\libphy.a
LOAD c:/Espressif/ESP8266_SDK/lib\libpp.a
LOAD c:/Espressif/ESP8266_SDK/lib\libnet80211.a
LOAD c:/Espressif/ESP8266_SDK/lib\liblwip.a
LOAD c:/Espressif/ESP8266_SDK/lib\libwpa.a
LOAD c:/Espressif/ESP8266_SDK/lib\libmain.a
LOAD c:/tools/sming/Sming/compiler/lib/\libsming.a
LOAD c:/Espressif/ESP8266_SDK/lib\libcrypto.a
LOAD c:/Espressif/ESP8266_SDK/lib\libpwm.a
LOAD out/build/app_app.a
END GROUP
                0x40000000                PROVIDE (_memmap_vecbase_reset, 0x40000000)
                0x00000110                _memmap_cacheattr_wb_base = 0x110
                0x00000110                _memmap_cacheattr_wt_base = 0x110
                0x00000220                _memmap_cacheattr_bp_base = 0x220
                0xfffff00f                _memmap_cacheattr_unused_mask = 0xfffff00f
                0x2222211f                _memmap_cacheattr_wb_trapnull = 0x2222211f
                0x2222211f                _memmap_cacheattr_wba_trapnull = 0x2222211f
                0x2222211f                _memmap_cacheattr_wbna_trapnull = 0x2222211f
                0x2222211f                _memmap_cacheattr_wt_trapnull = 0x2222211f
                0x2222222f                _memmap_cacheattr_bp_trapnull = 0x2222222f
                0xfffff11f                _memmap_cacheattr_wb_strict = 0xfffff11f
                0xfffff11f                _memmap_cacheattr_wt_strict = 0xfffff11f
                0xfffff22f                _memmap_cacheattr_bp_strict = 0xfffff22f
                0x22222112                _memmap_cacheattr_wb_allvalid = 0x22222112
                0x22222112                _memmap_cacheattr_wt_allvalid = 0x22222112
                0x22222222                _memmap_cacheattr_bp_allvalid = 0x22222222
                0x2222211f                PROVIDE (_memmap_cacheattr_reset, _memmap_cacheattr_wb_trapnull)

.dport0.rodata  0x3ff00000        0x0
                0x3ff00000                _dport0_rodata_start = ABSOLUTE (.)
 *(.dport0.rodata)
 *(.dport.rodata)
                0x3ff00000                _dport0_rodata_end = ABSOLUTE (.)

.dport0.literal
                0x3ff00000        0x0
                0x3ff00000                _dport0_literal_start = ABSOLUTE (.)
 *(.dport0.literal)
 *(.dport.literal)
                0x3ff00000                _dport0_literal_end = ABSOLUTE (.)

.dport0.data    0x3ff00000        0x0
                0x3ff00000                _dport0_data_start = ABSOLUTE (.)
 *(.dport0.data)
 *(.dport.data)
                0x3ff00000                _dport0_data_end = ABSOLUTE (.)

.data           0x3ffe8000      0x374
                0x3ffe8000                _data_start = ABSOLUTE (.)
 *(.data)
 .data          0x3ffe8000        0x4 c:/Espressif/ESP8266_SDK/lib\libmain.a(nmi-vector.o)
                0x3ffe8000                _Pri_3_HandlerAddress
 .data          0x3ffe8004        0x1 c:/Espressif/ESP8266_SDK/lib\libmain.a(app_main.o)
 *fill*         0x3ffe8005        0x3 
 .data          0x3ffe8008        0x6 c:/Espressif/ESP8266_SDK/lib\libmain.a(user_interface.o)
                0x3ffe8009                timer2_ms_flag
                0x3ffe800a                dhcps_flag
                0x3ffe800b                dhcpc_flag
                0x3ffe800d                reconnect_internal
 *fill*         0x3ffe800e        0x2 
 .data          0x3ffe8010        0x1 c:/Espressif/ESP8266_SDK/lib\libmain.a(eagle_lwip_if.o)
                0x3ffe8010                default_hostname
 *fill*         0x3ffe8011        0xf 
 .data          0x3ffe8020       0x53 c:/Espressif/ESP8266_SDK/lib\libphy.a(phy_chip_v6.o)
                0x3ffe8022                tx_rf_ana_gain
                0x3ffe8050                rx_gain_swp
                0x3ffe8070                test_rffreq_txcap
 *fill*         0x3ffe8073        0x1 
 .data          0x3ffe8074        0x4 c:/Espressif/ESP8266_SDK/lib\libphy.a(phy_sleep.o)
                0x3ffe8074                chip_version
 .data          0x3ffe8078        0x1 c:/Espressif/ESP8266_SDK/lib\libpp.a(pm.o)
 *fill*         0x3ffe8079        0x3 
 .data          0x3ffe807c        0x1 c:/Espressif/ESP8266_SDK/lib\libpp.a(pm_for_bcn_only_mode.o)
 *fill*         0x3ffe807d        0x3 
 .data          0x3ffe8080       0x1c c:/Espressif/ESP8266_SDK/lib\libpp.a(pp.o)
                0x3ffe8080                soft_wdt_interval
                0x3ffe8084                NoiseTimerInterval
                0x3ffe808c                sleep_start_wait_time
                0x3ffe8094                CanDoFreqCal
                0x3ffe8098                tcb
 *fill*         0x3ffe809c        0x4 
 .data          0x3ffe80a0       0x40 c:/Espressif/ESP8266_SDK/lib\libpp.a(rate_control.o)
 .data          0x3ffe80e0      0x24c c:/Espressif/ESP8266_SDK/lib\libpp.a(trc.o)
 .data          0x3ffe832c        0x8 c:/Espressif/ESP8266_SDK/lib\libpp.a(wdev.o)
 .data          0x3ffe8334        0x1 c:/Espressif/ESP8266_SDK/lib\libnet80211.a(ieee80211_hostap.o)
                0x3ffe8334                TmpSTAAPCloseAP
 *fill*         0x3ffe8335        0x3 
 .data          0x3ffe8338        0x1 c:/Espressif/ESP8266_SDK/lib\libnet80211.a(wl_cnx.o)
 *fill*         0x3ffe8339        0x7 
 .data          0x3ffe8340       0x1c c:/Espressif/ESP8266_SDK/lib\libnet80211.a(ieee80211_action.o)
 .data          0x3ffe835c        0x4 c:/Espressif/ESP8266_SDK/lib\liblwip.a(dhcp.o)
 .data          0x3ffe8360        0x5 c:/Espressif/ESP8266_SDK/lib\liblwip.a(dhcpserver.o)
                0x3ffe8360                dhcps_lease_time
 *fill*         0x3ffe8365        0x3 
 .data          0x3ffe8368        0x8 c:/Espressif/ESP8266_SDK/lib\liblwip.a(tcp.o)
 *(.data.*)
 .data.cbc_printchar
                0x3ffe8370        0x4 c:/tools/sming/Sming/compiler/lib/\libsming.a(m_printf.o)
                0x3ffe8370                cbc_printchar
 *(.gnu.linkonce.d.*)
 *(.data1)
 *(.sdata)
 *(.sdata.*)
 *(.gnu.linkonce.s.*)
 *(.sdata2)
 *(.sdata2.*)
 *(.gnu.linkonce.s2.*)
 *(.jcr)
                0x3ffe8374                _data_end = ABSOLUTE (.)

.rodata         0x3ffe8378     0x2134
                0x3ffe8378                _rodata_start = ABSOLUTE (.)
 *(.sdk.version)
 .sdk.version   0x3ffe8378        0x6 c:/Espressif/ESP8266_SDK/lib\libmain.a(app_main.o)
                0x3ffe8378                SDK_VERSION
 *(.rodata)
 *fill*         0x3ffe837e        0x2 
 .rodata        0x3ffe8380        0x8 c:/Espressif/ESP8266_SDK/lib\libphy.a(phy_chip_v6.o)
 .rodata        0x3ffe8388        0x4 c:/Espressif/ESP8266_SDK/lib\libpp.a(pp.o)
 .rodata        0x3ffe838c        0x8 c:/Espressif/ESP8266_SDK/lib\libnet80211.a(ieee80211_hostap.o)
 .rodata        0x3ffe8394        0x9 c:/Espressif/ESP8266_SDK/lib\libnet80211.a(ieee80211_output.o)
 *fill*         0x3ffe839d        0x3 
 .rodata        0x3ffe83a0        0x6 c:/Espressif/ESP8266_SDK/lib\liblwip.a(etharp.o)
                0x3ffe83a0                ethbroadcast
 *fill*         0x3ffe83a6        0x2 
 .rodata        0x3ffe83a8       0x14 c:/tools/sming/Sming/compiler/lib/\libsming.a(WebSocket.o)
 .rodata        0x3ffe83bc      0x10a c:/tools/sming/Sming/compiler/lib/\libmicroc.a(intscan.o)
 *(.rodata.*)
 *fill*         0x3ffe84c6        0x2 
 .rodata.str1.4
                0x3ffe84c8        0xc c:/Espressif/ESP8266_SDK/lib\libmain.a(app_main.o)
 .rodata.str1.4
                0x3ffe84d4        0x4 c:/Espressif/ESP8266_SDK/lib\libmain.a(ets_timer.o)
                                  0xc (size before relaxing)
 .rodata.str1.4
                0x3ffe84d8       0x1a c:/Espressif/ESP8266_SDK/lib\libmain.a(mem_manager.o)
 *fill*         0x3ffe84f2        0x2 
 .rodata._ZL14EspDigitalPins
                0x3ffe84f4       0xc0 c:/tools/sming/Sming/compiler/lib/\libsming.a(user_main.o)
 .rodata._ZTV6VectorI8DelegateIFvvEEE
                0x3ffe85b4       0x1c c:/tools/sming/Sming/compiler/lib/\libsming.a(System.o)
                0x3ffe85b4                vtable for Vector<Delegate<void ()> >
 .rodata._ZTV6VectorIP19ISystemReadyHandlerE
                0x3ffe85d0       0x1c c:/tools/sming/Sming/compiler/lib/\libsming.a(System.o)
                0x3ffe85d0                vtable for Vector<ISystemReadyHandler*>
 .rodata.str1.1
                0x3ffe85ec       0x21 c:/tools/sming/Sming/compiler/lib/\libsming.a(stringconversion.o)
 .rodata.str1.1
                0x3ffe860d        0xf c:/tools/sming/Sming/compiler/lib/\libsming.a(IPAddress.o)
                                 0x10 (size before relaxing)
 .rodata._ZTV9IPAddress
                0x3ffe861c        0xc c:/tools/sming/Sming/compiler/lib/\libsming.a(IPAddress.o)
                0x3ffe861c                vtable for IPAddress
 .rodata.str1.1
                0x3ffe8628        0x8 c:/tools/sming/Sming/compiler/lib/\libsming.a(Print.o)
                                  0xe (size before relaxing)
 .rodata.str1.1
                0x00000000        0x1 c:/tools/sming/Sming/compiler/lib/\libsming.a(WString.o)
 .rodata.str1.1
                0x3ffe8630       0x23 c:/tools/sming/Sming/compiler/lib/\libsming.a(Digital.o)
 *fill*         0x3ffe8653        0x1 
 .rodata._ZL14EspDigitalPins
                0x3ffe8654       0xc0 c:/tools/sming/Sming/compiler/lib/\libsming.a(Digital.o)
 .rodata.str1.1
                0x3ffe8714      0x13e out/build/app_app.a(application.o)
                                0x153 (size before relaxing)
 *fill*         0x3ffe8852        0x2 
 .rodata._ZTVN11ArduinoJson9Internals20DynamicStringBuilderE
                0x3ffe8854       0x10 out/build/app_app.a(application.o)
                0x3ffe8854                vtable for ArduinoJson::Internals::DynamicStringBuilder
 .rodata._ZTVN11ArduinoJson9Internals15BlockJsonBufferINS0_16DefaultAllocatorEEE
                0x3ffe8864        0xc out/build/app_app.a(application.o)
                0x3ffe8864                vtable for ArduinoJson::Internals::BlockJsonBuffer<ArduinoJson::Internals::DefaultAllocator>
 .rodata._ZTV14FunctionCallerIPFvvEvJEE
                0x3ffe8870       0x14 out/build/app_app.a(application.o)
                0x3ffe8870                vtable for FunctionCaller<void (*)(), void>
 .rodata._ZTV14FunctionCallerIPFvR9TcpClientbEvJS1_bEE
                0x3ffe8884       0x14 out/build/app_app.a(application.o)
                0x3ffe8884                vtable for FunctionCaller<void (*)(TcpClient&, bool), void, TcpClient&, bool>
 .rodata._ZTV14FunctionCallerIPFbR9TcpClientPciEbJS1_S2_iEE
                0x3ffe8898       0x14 out/build/app_app.a(application.o)
                0x3ffe8898                vtable for FunctionCaller<bool (*)(TcpClient&, char*, int), bool, TcpClient&, char*, int>
 .rodata._ZTV14FunctionCallerIPFvP9TcpClientEvJS1_EE
                0x3ffe88ac       0x14 out/build/app_app.a(application.o)
                0x3ffe88ac                vtable for FunctionCaller<void (*)(TcpClient*), void, TcpClient*>
 .rodata._ZTV14FunctionCallerIPFvR11HttpRequestR12HttpResponseEvJS1_S3_EE
                0x3ffe88c0       0x14 out/build/app_app.a(application.o)
                0x3ffe88c0                vtable for FunctionCaller<void (*)(HttpRequest&, HttpResponse&), void, HttpRequest&, HttpResponse&>
 .rodata.str1.1
                0x3ffe88d4        0xc c:/tools/sming/Sming/compiler/lib/\libmicroc.a(abort.o)
 .rodata.str1.4
                0x3ffe88e0        0x4 c:/Espressif/ESP8266_SDK/lib\libpp.a(lmac.o)
                                  0xc (size before relaxing)
 .rodata.str1.4
                0x3ffe88e4        0x4 c:/Espressif/ESP8266_SDK/lib\libpp.a(pm_for_bcn_only_mode.o)
                                  0xc (size before relaxing)
 .rodata.str1.4
                0x3ffe88e8        0x8 c:/Espressif/ESP8266_SDK/lib\libpp.a(pp.o)
                                 0x10 (size before relaxing)
 .rodata.str1.4
                0x3ffe88f0        0x4 c:/Espressif/ESP8266_SDK/lib\libpp.a(wdev.o)
                                  0xc (size before relaxing)
 .rodata.str1.4
                0x3ffe88f4        0x3 c:/Espressif/ESP8266_SDK/lib\libnet80211.a(ieee80211_hostap.o)
                                  0x8 (size before relaxing)
 *fill*         0x3ffe88f7        0x1 
 .rodata.str1.4
                0x3ffe88f8        0x7 c:/Espressif/ESP8266_SDK/lib\libnet80211.a(ieee80211_mesh_quick.o)
 .rodata.str1.4
                0x00000000        0x4 c:/Espressif/ESP8266_SDK/lib\libnet80211.a(ieee80211_sta.o)
 .rodata.str1.4
                0x00000000        0x4 c:/Espressif/ESP8266_SDK/lib\libnet80211.a(ieee80211_action_vendor.o)
 .rodata.str1.4
                0x00000000        0x4 c:/Espressif/ESP8266_SDK/lib\libnet80211.a(ieee80211_ie_vendor.o)
 .rodata.str1.4
                0x00000000        0x7 c:/Espressif/ESP8266_SDK/lib\liblwip.a(espconn_tcp.o)
                                  0x1 (size before relaxing)
 *fill*         0x3ffe88ff        0x1 
 .rodata.str1.4
                0x3ffe8900       0x10 c:/Espressif/ESP8266_SDK/lib\libwpa.a(wpa_debug.o)
                                  0xd (size before relaxing)
 .rodata.str1.1
                0x3ffe8910      0x157 c:/tools/sming/Sming/compiler/lib/\libsming.a(spiffs_sming.o)
                                0x165 (size before relaxing)
 .rodata.str1.1
                0x3ffe8a67      0x138 c:/tools/sming/Sming/compiler/lib/\libsming.a(DataSourceStream.o)
                                0x139 (size before relaxing)
 *fill*         0x3ffe8b9f        0x1 
 .rodata._ZTV16MemoryDataStream
                0x3ffe8ba0       0x48 c:/tools/sming/Sming/compiler/lib/\libsming.a(DataSourceStream.o)
                0x3ffe8ba0                vtable for MemoryDataStream
 .rodata._ZTV10FileStream
                0x3ffe8be8       0x20 c:/tools/sming/Sming/compiler/lib/\libsming.a(DataSourceStream.o)
                0x3ffe8be8                vtable for FileStream
 .rodata._ZTV18TemplateFileStream
                0x3ffe8c08       0x20 c:/tools/sming/Sming/compiler/lib/\libsming.a(DataSourceStream.o)
                0x3ffe8c08                vtable for TemplateFileStream
 .rodata._ZTV16JsonObjectStream
                0x3ffe8c28       0x48 c:/tools/sming/Sming/compiler/lib/\libsming.a(DataSourceStream.o)
                0x3ffe8c28                vtable for JsonObjectStream
 .rodata.str1.1
                0x3ffe8c70       0x34 c:/tools/sming/Sming/compiler/lib/\libsming.a(FileSystem.o)
                                 0x37 (size before relaxing)
 .rodata._ZTV6VectorI6StringE
                0x3ffe8ca4       0x1c c:/tools/sming/Sming/compiler/lib/\libsming.a(FileSystem.o)
                0x3ffe8ca4                vtable for Vector<String>
 .rodata._ZTV14HardwareSerial
                0x3ffe8cc0       0x20 c:/tools/sming/Sming/compiler/lib/\libsming.a(HardwareSerial.o)
                0x3ffe8cc0                vtable for HardwareSerial
 .rodata.str1.1
                0x3ffe8ce0       0x4f c:/tools/sming/Sming/compiler/lib/\libsming.a(FTPServer.o)
                                 0x50 (size before relaxing)
 *fill*         0x3ffe8d2f        0x1 
 .rodata._ZTV9FTPServer
                0x3ffe8d30       0x54 c:/tools/sming/Sming/compiler/lib/\libsming.a(FTPServer.o)
                0x3ffe8d30                vtable for FTPServer
 .rodata.str1.1
                0x3ffe8d84      0x1a5 c:/tools/sming/Sming/compiler/lib/\libsming.a(FTPServerConnection.o)
                                0x1b1 (size before relaxing)
 *fill*         0x3ffe8f29        0x3 
 .rodata._ZTV13FTPDataStream
                0x3ffe8f2c       0x3c c:/tools/sming/Sming/compiler/lib/\libsming.a(FTPServerConnection.o)
                0x3ffe8f2c                vtable for FTPDataStream
 .rodata._ZTV15FTPDataFileList
                0x3ffe8f68       0x3c c:/tools/sming/Sming/compiler/lib/\libsming.a(FTPServerConnection.o)
                0x3ffe8f68                vtable for FTPDataFileList
 .rodata._ZTV15FTPDataRetrieve
                0x3ffe8fa4       0x3c c:/tools/sming/Sming/compiler/lib/\libsming.a(FTPServerConnection.o)
                0x3ffe8fa4                vtable for FTPDataRetrieve
 .rodata._ZTV12FTPDataStore
                0x3ffe8fe0       0x3c c:/tools/sming/Sming/compiler/lib/\libsming.a(FTPServerConnection.o)
                0x3ffe8fe0                vtable for FTPDataStore
 .rodata._ZTV19FTPServerConnection
                0x3ffe901c       0x40 c:/tools/sming/Sming/compiler/lib/\libsming.a(FTPServerConnection.o)
                0x3ffe901c                vtable for FTPServerConnection
 .rodata.str1.1
                0x3ffe905c       0xe2 c:/tools/sming/Sming/compiler/lib/\libsming.a(HttpRequest.o)
                                 0xf4 (size before relaxing)
 *fill*         0x3ffe913e        0x2 
 .rodata._ZTV11HttpRequest
                0x3ffe9140       0x10 c:/tools/sming/Sming/compiler/lib/\libsming.a(HttpRequest.o)
                0x3ffe9140                vtable for HttpRequest
 .rodata.str1.1
                0x3ffe9150      0x1a9 c:/tools/sming/Sming/compiler/lib/\libsming.a(HttpResponse.o)
                                0x1e1 (size before relaxing)
 *fill*         0x3ffe92f9        0x3 
 .rodata._ZTV12HttpResponse
                0x3ffe92fc       0x10 c:/tools/sming/Sming/compiler/lib/\libsming.a(HttpResponse.o)
                0x3ffe92fc                vtable for HttpResponse
 .rodata.str1.1
                0x3ffe930c      0x10e c:/tools/sming/Sming/compiler/lib/\libsming.a(HttpServer.o)
                                0x143 (size before relaxing)
 *fill*         0x3ffe941a        0x2 
 .rodata._ZTV6VectorI9WebSocketE
                0x3ffe941c       0x1c c:/tools/sming/Sming/compiler/lib/\libsming.a(HttpServer.o)
                0x3ffe941c                vtable for Vector<WebSocket>
 .rodata._ZTV10HttpServer
                0x3ffe9438       0x5c c:/tools/sming/Sming/compiler/lib/\libsming.a(HttpServer.o)
                0x3ffe9438                vtable for HttpServer
 .rodata._ZTV12MethodCallerIM10HttpServerFvR20HttpServerConnectionEE
                0x3ffe9494       0x14 c:/tools/sming/Sming/compiler/lib/\libsming.a(HttpServer.o)
                0x3ffe9494                vtable for MethodCaller<void (HttpServer::*)(HttpServerConnection&)>
 .rodata.str1.1
                0x3ffe94a8      0x10e c:/tools/sming/Sming/compiler/lib/\libsming.a(HttpServerConnection.o)
                                0x118 (size before relaxing)
 *fill*         0x3ffe95b6        0x2 
 .rodata._ZTV20HttpServerConnection
                0x3ffe95b8       0x40 c:/tools/sming/Sming/compiler/lib/\libsming.a(HttpServerConnection.o)
                0x3ffe95b8                vtable for HttpServerConnection
 .rodata.str1.1
                0x3ffe95f8       0x1e c:/tools/sming/Sming/compiler/lib/\libsming.a(TcpClient.o)
 *fill*         0x3ffe9616        0x2 
 .rodata._ZTV9TcpClient
                0x3ffe9618       0x3c c:/tools/sming/Sming/compiler/lib/\libsming.a(TcpClient.o)
                0x3ffe9618                vtable for TcpClient
 .rodata.str1.1
                0x3ffe9654      0x203 c:/tools/sming/Sming/compiler/lib/\libsming.a(TcpConnection.o)
                                0x220 (size before relaxing)
 *fill*         0x3ffe9857        0x1 
 .rodata._ZTV13TcpConnection
                0x3ffe9858       0x38 c:/tools/sming/Sming/compiler/lib/\libsming.a(TcpConnection.o)
                0x3ffe9858                vtable for TcpConnection
 .rodata.str1.1
                0x3ffe9890      0x13e c:/tools/sming/Sming/compiler/lib/\libsming.a(TcpServer.o)
 *fill*         0x3ffe99ce        0x2 
 .rodata._ZTV9TcpServer
                0x3ffe99d0       0x50 c:/tools/sming/Sming/compiler/lib/\libsming.a(TcpServer.o)
                0x3ffe99d0                vtable for TcpServer
 .rodata._ZTV12MethodCallerIM9TcpServerFbR9TcpClientPciEE
                0x3ffe9a20       0x14 c:/tools/sming/Sming/compiler/lib/\libsming.a(TcpServer.o)
                0x3ffe9a20                vtable for MethodCaller<bool (TcpServer::*)(TcpClient&, char*, int)>
 .rodata._ZTV12MethodCallerIM9TcpServerFvR9TcpClientbEE
                0x3ffe9a34       0x14 c:/tools/sming/Sming/compiler/lib/\libsming.a(TcpServer.o)
                0x3ffe9a34                vtable for MethodCaller<void (TcpServer::*)(TcpClient&, bool)>
 .rodata.str1.1
                0x3ffe9a48       0x15 c:/tools/sming/Sming/compiler/lib/\libsming.a(WebSocket.o)
                                 0x5b (size before relaxing)
 *fill*         0x3ffe9a5d        0x3 
 .rodata._ZTV9WebSocket
                0x3ffe9a60        0xc c:/tools/sming/Sming/compiler/lib/\libsming.a(WebSocket.o)
                0x3ffe9a60                vtable for WebSocket
 .rodata.str1.1
                0x3ffe9a6c       0xf0 c:/tools/sming/Sming/compiler/lib/\libsming.a(AccessPoint.o)
                                 0xf1 (size before relaxing)
 .rodata._ZTV16AccessPointClass
                0x3ffe9b5c       0x14 c:/tools/sming/Sming/compiler/lib/\libsming.a(AccessPoint.o)
                0x3ffe9b5c                vtable for AccessPointClass
 .rodata.str1.1
                0x3ffe9b70      0x242 c:/tools/sming/Sming/compiler/lib/\libsming.a(Station.o)
                                0x283 (size before relaxing)
 *fill*         0x3ffe9db2        0x2 
 .rodata._ZTV12StationClass
                0x3ffe9db4       0x14 c:/tools/sming/Sming/compiler/lib/\libsming.a(Station.o)
                0x3ffe9db4                vtable for StationClass
 .rodata._ZTV6VectorI7BssInfoE
                0x3ffe9dc8       0x1c c:/tools/sming/Sming/compiler/lib/\libsming.a(Station.o)
                0x3ffe9dc8                vtable for Vector<BssInfo>
 .rodata._ZTV8WDTClass
                0x3ffe9de4       0x14 c:/tools/sming/Sming/compiler/lib/\libsming.a(WDT.o)
                0x3ffe9de4                vtable for WDTClass
 .rodata.str1.1
                0x3ffe9df8        0x5 c:/tools/sming/Sming/compiler/lib/\libsming.a(ArduinoJson.o)
                                 0x11 (size before relaxing)
 *fill*         0x3ffe9dfd        0x3 
 .rodata._ZTVN11ArduinoJson9Internals13IndentedPrintE
                0x3ffe9e00       0x10 c:/tools/sming/Sming/compiler/lib/\libsming.a(ArduinoJson.o)
                0x3ffe9e00                vtable for ArduinoJson::Internals::IndentedPrint
 .rodata._ZTVN11ArduinoJson9Internals10PrettyfierE
                0x3ffe9e10       0x10 c:/tools/sming/Sming/compiler/lib/\libsming.a(ArduinoJson.o)
                0x3ffe9e10                vtable for ArduinoJson::Internals::Prettyfier
 .rodata._ZN11ArduinoJson9Internals8Encoding12_escapeTableE
                0x3ffe9e20        0xf c:/tools/sming/Sming/compiler/lib/\libsming.a(ArduinoJson.o)
                0x3ffe9e20                ArduinoJson::Internals::Encoding::_escapeTable
 .rodata.str1.1
                0x3ffe9e2f       0xf3 c:/tools/sming/Sming/compiler/lib/\libsming.a(CommandExecutor.o)
                                 0xf8 (size before relaxing)
 .rodata.str1.1
                0x3ffe9f22      0x3ac c:/tools/sming/Sming/compiler/lib/\libsming.a(CommandHandler.o)
                                0x3bb (size before relaxing)
 .rodata.str1.1
                0x3ffea2ce        0xb c:/tools/sming/Sming/compiler/lib/\libsming.a(CommandOutput.o)
                                  0xc (size before relaxing)
 *fill*         0x3ffea2d9        0x3 
 .rodata._ZTV13CommandOutput
                0x3ffea2dc       0x18 c:/tools/sming/Sming/compiler/lib/\libsming.a(CommandOutput.o)
                0x3ffea2dc                vtable for CommandOutput
 .rodata._ZL13base64enc_tab
                0x3ffea2f4       0x41 c:/tools/sming/Sming/compiler/lib/\libsming.a(base64.o)
 .rodata.str1.1
                0x3ffea335       0x35 c:/tools/sming/Sming/compiler/lib/\libsming.a(escape.o)
 .rodata._ZZ12uri_unescapeE12__FUNCTION__
                0x3ffea36a        0xd c:/tools/sming/Sming/compiler/lib/\libsming.a(escape.o)
 .rodata.str1.1
                0x00000000       0x17 c:/tools/sming/Sming/compiler/lib/\libsming.a(websocket.o)
 .rodata._ZZ17wsParseInputFramePhjPS_PjE12__FUNCTION__
                0x3ffea377       0x12 c:/tools/sming/Sming/compiler/lib/\libsming.a(websocket.o)
 .rodata._ZZ11wsMakeFramePKhjPhPj11wsFrameTypeE12__FUNCTION__
                0x3ffea389        0xc c:/tools/sming/Sming/compiler/lib/\libsming.a(websocket.o)
 .rodata.str1.1
                0x3ffea395       0x59 c:/tools/sming/Sming/compiler/lib/\libsming.a(flashmem.o)
 *fill*         0x3ffea3ee        0x2 
 .rodata.CSWTCH$11
                0x3ffea3f0       0x14 c:/tools/sming/Sming/compiler/lib/\libsming.a(flashmem.o)
 .rodata.str1.1
                0x00000000        0x1 c:/tools/sming/Sming/compiler/lib/\libsming.a(CommandDelegate.o)
 *(.gnu.linkonce.r.*)
 *(.rodata1)
                0x3ffea404                __XT_EXCEPTION_TABLE__ = ABSOLUTE (.)
 *(.xt_except_table)
 *(.gcc_except_table)
 *(.gnu.linkonce.e.*)
 *(.gnu.version_r)
 *(.eh_frame)
                0x3ffea404                . = ((. + 0x3) & 0xfffffffc)
                0x3ffea404                __dso_handle = ABSOLUTE (.)
                0x3ffea404                __init_array_start = ABSOLUTE (.)
 *crtbegin.o(.ctors)
 *(EXCLUDE_FILE(*crtend.o) .ctors)
 .ctors         0x3ffea404        0x4 c:/tools/sming/Sming/compiler/lib/\libsming.a(user_main.o)
 .ctors         0x3ffea408        0x4 c:/tools/sming/Sming/compiler/lib/\libsming.a(System.o)
 .ctors         0x3ffea40c        0x4 c:/tools/sming/Sming/compiler/lib/\libsming.a(m_printf.o)
 .ctors         0x3ffea410        0x4 c:/tools/sming/Sming/compiler/lib/\libsming.a(IPAddress.o)
 .ctors         0x3ffea414        0x4 c:/tools/sming/Sming/compiler/lib/\libsming.a(Print.o)
 .ctors         0x3ffea418        0x4 c:/tools/sming/Sming/compiler/lib/\libsming.a(WString.o)
 .ctors         0x3ffea41c        0x4 c:/tools/sming/Sming/compiler/lib/\libsming.a(Interrupts.o)
 .ctors         0x3ffea420        0x4 c:/tools/sming/Sming/compiler/lib/\libsming.a(Digital.o)
 .ctors         0x3ffea424        0x4 out/build/app_app.a(application.o)
 .ctors         0x3ffea428        0x4 c:/tools/sming/Sming/compiler/lib/\libsming.a(Clock.o)
 .ctors         0x3ffea42c        0x4 c:/tools/sming/Sming/compiler/lib/\libsming.a(DataSourceStream.o)
 .ctors         0x3ffea430        0x4 c:/tools/sming/Sming/compiler/lib/\libsming.a(HardwareSerial.o)
 .ctors         0x3ffea434        0x4 c:/tools/sming/Sming/compiler/lib/\libsming.a(FTPServer.o)
 .ctors         0x3ffea438        0x4 c:/tools/sming/Sming/compiler/lib/\libsming.a(FTPServerConnection.o)
 .ctors         0x3ffea43c        0x4 c:/tools/sming/Sming/compiler/lib/\libsming.a(HttpRequest.o)
 .ctors         0x3ffea440        0x4 c:/tools/sming/Sming/compiler/lib/\libsming.a(HttpResponse.o)
 .ctors         0x3ffea444        0x4 c:/tools/sming/Sming/compiler/lib/\libsming.a(HttpServer.o)
 .ctors         0x3ffea448        0x4 c:/tools/sming/Sming/compiler/lib/\libsming.a(HttpServerConnection.o)
 .ctors         0x3ffea44c        0x4 c:/tools/sming/Sming/compiler/lib/\libsming.a(TcpClient.o)
 .ctors         0x3ffea450        0x4 c:/tools/sming/Sming/compiler/lib/\libsming.a(TcpConnection.o)
 .ctors         0x3ffea454        0x4 c:/tools/sming/Sming/compiler/lib/\libsming.a(TcpServer.o)
 .ctors         0x3ffea458        0x4 c:/tools/sming/Sming/compiler/lib/\libsming.a(WebSocket.o)
 .ctors         0x3ffea45c        0x4 c:/tools/sming/Sming/compiler/lib/\libsming.a(AccessPoint.o)
 .ctors         0x3ffea460        0x4 c:/tools/sming/Sming/compiler/lib/\libsming.a(Station.o)
 .ctors         0x3ffea464        0x4 c:/tools/sming/Sming/compiler/lib/\libsming.a(WDT.o)
 .ctors         0x3ffea468        0x4 c:/tools/sming/Sming/compiler/lib/\libsming.a(ArduinoJson.o)
 .ctors         0x3ffea46c        0x4 c:/tools/sming/Sming/compiler/lib/\libsming.a(CommandExecutor.o)
 .ctors         0x3ffea470        0x4 c:/tools/sming/Sming/compiler/lib/\libsming.a(CommandHandler.o)
 .ctors         0x3ffea474        0x4 c:/tools/sming/Sming/compiler/lib/\libsming.a(CommandOutput.o)
 .ctors         0x3ffea478        0x4 c:/tools/sming/Sming/compiler/lib/\libsming.a(OneWire.o)
 .ctors         0x3ffea47c        0x4 c:/tools/sming/Sming/compiler/lib/\libsming.a(SystemClock.o)
 .ctors         0x3ffea480        0x4 c:/tools/sming/Sming/compiler/lib/\libsming.a(RTC.o)
 .ctors         0x3ffea484        0x4 c:/tools/sming/Sming/compiler/lib/\libsming.a(CommandDelegate.o)
 .ctors         0x3ffea488        0x4 c:/tools/sming/Sming/compiler/lib/\libsming.a(DateTime.o)
 *(SORT(.ctors.*))
 *(.ctors)
                0x3ffea48c                __init_array_end = ABSOLUTE (.)
 *crtbegin.o(.dtors)
 *(EXCLUDE_FILE(*crtend.o) .dtors)
 .dtors         0x3ffea48c        0x4 c:/tools/sming/Sming/compiler/lib/\libsming.a(System.o)
 .dtors         0x3ffea490        0x4 c:/tools/sming/Sming/compiler/lib/\libsming.a(Interrupts.o)
 .dtors         0x3ffea494        0x4 out/build/app_app.a(application.o)
 .dtors         0x3ffea498        0x4 c:/tools/sming/Sming/compiler/lib/\libsming.a(HardwareSerial.o)
 .dtors         0x3ffea49c        0x4 c:/tools/sming/Sming/compiler/lib/\libsming.a(Station.o)
 .dtors         0x3ffea4a0        0x4 c:/tools/sming/Sming/compiler/lib/\libsming.a(CommandHandler.o)
 *(SORT(.dtors.*))
 *(.dtors)
                0x3ffea4a4                __XT_EXCEPTION_DESCS__ = ABSOLUTE (.)
 *(.xt_except_desc)
 *(.gnu.linkonce.h.*)
                0x3ffea4a4                __XT_EXCEPTION_DESCS_END__ = ABSOLUTE (.)
 *(.xt_except_desc_end)
 *(.dynamic)
 *(.gnu.version_d)
                0x3ffea4a4                . = ALIGN (0x4)
                0x3ffea4a4                _bss_table_start = ABSOLUTE (.)
                0x3ffea4a4        0x4 LONG 0x3ffea4b0 _bss_start
                0x3ffea4a8        0x4 LONG 0x3fff1380 _bss_end
                0x3ffea4ac                _bss_table_end = ABSOLUTE (.)
                0x3ffea4ac                _rodata_end = ABSOLUTE (.)

.bss            0x3ffea4b0     0x6ed0
                0x3ffea4b0                . = ALIGN (0x8)
                0x3ffea4b0                _bss_start = ABSOLUTE (.)
 *(.dynsbss)
 *(.sbss)
 *(.sbss.*)
 *(.gnu.linkonce.sb.*)
 *(.scommon)
 *(.sbss2)
 *(.sbss2.*)
 *(.gnu.linkonce.sb2.*)
 *(.dynbss)
 *(.bss)
 .bss           0x3ffea4b0      0x1c0 c:/Espressif/ESP8266_SDK/lib\libmain.a(nmi-vector.o)
 .bss           0x3ffea670       0x41 c:/Espressif/ESP8266_SDK/lib\libmain.a(app_main.o)
                0x3ffea674                info
                0x3ffea698                lwip_timer_interval
                0x3ffea69c                check_timeouts_timer
                0x3ffea6b0                user_init_flag
 *fill*         0x3ffea6b1        0xf 
 .bss           0x3ffea6c0       0x30 c:/Espressif/ESP8266_SDK/lib\libmain.a(ets_timer.o)
                0x3ffea6c0                timer_list
                0x3ffea6c4                debug_timer
                0x3ffea6c8                debug_timerfn
 .bss           0x3ffea6f0       0x3c c:/Espressif/ESP8266_SDK/lib\libmain.a(mem_manager.o)
 .bss           0x3ffea72c        0x4 c:/Espressif/ESP8266_SDK/lib\libmain.a(spi_flash.o)
                0x3ffea72c                flash_read
 .bss           0x3ffea730      0x242 c:/Espressif/ESP8266_SDK/lib\libmain.a(user_interface.o)
                0x3ffea827                deep_sleep_flag
                0x3ffea828                cpu_overclock
                0x3ffea82c                event_cb
                0x3ffea830                status_led_output_level
                0x3ffea834                done_cb
                0x3ffea838                rst_if
                0x3ffea854                default_interface
                0x3ffea855                OpmodChgIsOnGoing
                0x3ffea858                promiscuous_cb
                0x3ffea870                event_TaskQueue
 *fill*         0x3ffea972        0x2 
 .bss           0x3ffea974        0xc c:/Espressif/ESP8266_SDK/lib\libmain.a(eagle_lwip_if.o)
                0x3ffea974                hostname
 .bss           0x3ffea980        0x4 c:/tools/sming/Sming/compiler/lib/\libmicroc.a(__errno_location.o)
 .bss           0x3ffea984        0x4 c:/Espressif/ESP8266_SDK/lib\libphy.a(phy.o)
 .bss           0x3ffea988        0x2 c:/Espressif/ESP8266_SDK/lib\libphy.a(phy_chip_v6_ana.o)
                0x3ffea988                tout_dis_txpwr_track
                0x3ffea989                sleep_mode_flag
 *fill*         0x3ffea98a        0x6 
 .bss           0x3ffea990      0x160 c:/Espressif/ESP8266_SDK/lib\libphy.a(phy_chip_v6.o)
                0x3ffea990                g_phyFuns
                0x3ffea994                rxiq_compute_num
                0x3ffea998                rx_table_renew_en
                0x3ffea99c                check_result
                0x3ffea9a0                chip6_sleep_params
                0x3ffeaa34                chip6_phy_init_ctrl
                0x3ffeaaa8                phy_freq_offset
                0x3ffeaaaa                do_pwctrl_flag
                0x3ffeaaab                pwctrl_debug
                0x3ffeaaac                txbk_dpdby_flag
                0x3ffeaaae                sw_scan_mode
                0x3ffeaaaf                rxmax_ext_level
                0x3ffeaab0                phy_rx_gain_dc_table
                0x3ffeaac4                periodic_cal_dc_num
                0x3ffeaac8                periodic_cal_flag
                0x3ffeaac9                bbpll_cal_flag
                0x3ffeaaca                phy_in_most_power
                0x3ffeaacb                init_rf_no_cal
                0x3ffeaacc                test_print_time
                0x3ffeaad0                phy_rx_gain_dc_flag
                0x3ffeaad1                phy_in_vdd33_offset
                0x3ffeaad2                phy_set_most_tpw_disbg
                0x3ffeaad3                phy_set_most_tpw_index
                0x3ffeaad4                adc_rand_noise
                0x3ffeaad8                dpd_bypass_original
                0x3ffeaae0                noise_array
 .bss           0x3ffeaaf0        0x8 c:/Espressif/ESP8266_SDK/lib\libphy.a(phy_chip_v6_cal.o)
                0x3ffeaaf0                phy_tx_power_out
                0x3ffeaaf2                loop_pwctrl_pwdet_error_accum_high_power
                0x3ffeaaf4                tx_pwctrl_pk_num
                0x3ffeaaf5                tx_pwctrl_track_num
                0x3ffeaaf6                loop_pwctrl_correct_atten_high_power
                0x3ffeaaf7                rxiq_cover_fail_num
 .bss           0x3ffeaaf8        0x7 c:/Espressif/ESP8266_SDK/lib\libphy.a(phy_sleep.o)
                0x3ffeaaf8                periodic_cal_sat
                0x3ffeaafa                lslp_mem_opt_8266
                0x3ffeaafc                software_slp_reject
                0x3ffeaafd                SDIO_slp_reject
                0x3ffeaafe                hardware_reject
 *fill*         0x3ffeaaff        0x1 
 .bss           0x3ffeab00       0x40 c:/Espressif/ESP8266_SDK/lib\libpp.a(if_hwctrl.o)
                0x3ffeab00                interface_mask
                0x3ffeab20                if_ctrl
 .bss           0x3ffeab40      0x150 c:/Espressif/ESP8266_SDK/lib\libpp.a(lmac.o)
                0x3ffeab44                lmacConfMib
 .bss           0x3ffeac90      0x11a c:/Espressif/ESP8266_SDK/lib\libpp.a(pm.o)
                0x3ffeac90                pmc
                0x3ffead70                flash_tmp
 *fill*         0x3ffeadaa        0x2 
 .bss           0x3ffeadac       0x34 c:/Espressif/ESP8266_SDK/lib\libpp.a(pm_for_bcn_only_mode.o)
 .bss           0x3ffeade0      0x322 c:/Espressif/ESP8266_SDK/lib\libpp.a(pp.o)
                0x3ffeadf8                pend_flag_noise_check
                0x3ffeae00                pend_flag_periodic_cal
                0x3ffeae18                idle_timer_reopen_flag
                0x3ffeae1a                dbg_stop_sw_wdt
                0x3ffeae1b                dbg_stop_hw_wdt
                0x3ffeae1d                total_buffed_eb_num
                0x3ffeae20                HighestFreqOffsetInOneChk
                0x3ffeae22                LowestFreqOffsetInOneChk
                0x3ffeae24                DefFreqCalTimer
                0x3ffeae38                PktNumInOneChk
                0x3ffeafc0                buffed_eb_arr
 *fill*         0x3ffeb102        0xe 
 .bss           0x3ffeb110      0x100 c:/Espressif/ESP8266_SDK/lib\libpp.a(rate_control.o)
 .bss           0x3ffeb210      0x46c c:/Espressif/ESP8266_SDK/lib\libpp.a(trc.o)
 *fill*         0x3ffeb67c        0x4 
 .bss           0x3ffeb680     0x2f88 c:/Espressif/ESP8266_SDK/lib\libpp.a(wdev.o)
                0x3ffeb680                wDevCtrl
                0x3ffeb828                WdevTimOffSet
 *fill*         0x3ffee608        0x8 
 .bss           0x3ffee610      0xac4 c:/Espressif/ESP8266_SDK/lib\libpp.a(esf_buf.o)
 .bss           0x3ffef0d4      0x67c c:/Espressif/ESP8266_SDK/lib\libnet80211.a(ieee80211.o)
                0x3ffef0d4                g_ic
 .bss           0x3ffef750       0x56 c:/Espressif/ESP8266_SDK/lib\libnet80211.a(ieee80211_hostap.o)
                0x3ffef750                BcnEb_update
                0x3ffef75d                BcnWithMcastSendStart
                0x3ffef75e                BcnWithMcastSendCnt
                0x3ffef778                PendFreeBcnEb
                0x3ffef77c                ApFreqCalTimer
                0x3ffef790                APRecvBcnStartTick
 *fill*         0x3ffef7a6        0x2 
 .bss           0x3ffef7a8       0xc8 c:/Espressif/ESP8266_SDK/lib\libnet80211.a(ieee80211_scan.o)
                0x3ffef7a8                gScanStruct
                0x3ffef854                connect_scan_flag
                0x3ffef855                FreqCalCntForScan
                0x3ffef856                TestStaFreqCalValInput
                0x3ffef858                auth_type
                0x3ffef85a                scannum
 .bss           0x3ffef870       0x10 c:/Espressif/ESP8266_SDK/lib\libnet80211.a(ieee80211_sta.o)
 .bss           0x3ffef880       0x3c c:/Espressif/ESP8266_SDK/lib\libnet80211.a(wl_chm.o)
 *fill*         0x3ffef8bc        0x4 
 .bss           0x3ffef8c0      0x37a c:/Espressif/ESP8266_SDK/lib\libnet80211.a(wl_cnx.o)
                0x3ffefc20                sta_con_timer
                0x3ffefc34                g_cnx_probe_rc_list_cb
                0x3ffefc38                reconnect_flag
                0x3ffefc39                no_ap_found_index
 *fill*         0x3ffefc3a        0x2 
 .bss           0x3ffefc3c       0x10 c:/Espressif/ESP8266_SDK/lib\libnet80211.a(ieee80211_action_vendor.o)
 *fill*         0x3ffefc4c        0x4 
 .bss           0x3ffefc50       0x38 c:/Espressif/ESP8266_SDK/lib\liblwip.a(dhcp.o)
                0x3ffefc50                dhcp_rx_options_given
                0x3ffefc60                dhcp_rx_options_val
 .bss           0x3ffefc88       0x28 c:/Espressif/ESP8266_SDK/lib\liblwip.a(dhcpserver.o)
 .bss           0x3ffefcb0      0x480 c:/Espressif/ESP8266_SDK/lib\liblwip.a(dns.o)
 .bss           0x3fff0130       0x78 c:/Espressif/ESP8266_SDK/lib\liblwip.a(espconn_tcp.o)
                0x3fff0130                espconn_TaskQueue
 *fill*         0x3fff01a8        0x8 
 .bss           0x3fff01b0      0x100 c:/Espressif/ESP8266_SDK/lib\liblwip.a(etharp.o)
                0x3fff01b4                ethzero
 .bss           0x3fff02b0       0x10 c:/Espressif/ESP8266_SDK/lib\liblwip.a(ip_addr.o)
 .bss           0x3fff02c0       0x12 c:/Espressif/ESP8266_SDK/lib\liblwip.a(ip.o)
                0x3fff02c0                current_iphdr_dest
                0x3fff02c4                current_iphdr_src
                0x3fff02c8                current_netif
                0x3fff02cc                current_header
 *fill*         0x3fff02d2        0x2 
 .bss           0x3fff02d4        0x9 c:/Espressif/ESP8266_SDK/lib\liblwip.a(netif.o)
                0x3fff02d4                netif_list
                0x3fff02d8                netif_default
 *fill*         0x3fff02dd        0x3 
 .bss           0x3fff02e0        0x4 c:/Espressif/ESP8266_SDK/lib\liblwip.a(raw.o)
 .bss           0x3fff02e4       0x34 c:/Espressif/ESP8266_SDK/lib\liblwip.a(tcp_in.o)
                0x3fff0314                tcp_input_pcb
 .bss           0x3fff0318       0x1c c:/Espressif/ESP8266_SDK/lib\liblwip.a(tcp.o)
                0x3fff031c                tcp_active_pcbs
                0x3fff0320                tcp_tmp_pcb
                0x3fff0324                tcp_tw_pcbs
                0x3fff0328                tcp_bound_pcbs
                0x3fff032c                tcp_listen_pcbs
                0x3fff0330                tcp_ticks
 .bss           0x3fff0334        0xc c:/Espressif/ESP8266_SDK/lib\liblwip.a(timers.o)
 .bss           0x3fff0340        0x4 c:/Espressif/ESP8266_SDK/lib\liblwip.a(udp.o)
                0x3fff0340                udp_pcbs
 *fill*         0x3fff0344        0xc 
 .bss           0x3fff0350      0x104 c:/Espressif/ESP8266_SDK/lib\liblwip.a(espconn.o)
                0x3fff0350                plink_active
                0x3fff0354                pserver_list
                0x3fff0360                premot
                0x3fff0420                pktinfo
 .bss           0x3fff0454        0xc c:/Espressif/ESP8266_SDK/lib\liblwip.a(igmp.o)
 .bss           0x3fff0460      0x26a c:/Espressif/ESP8266_SDK/lib\libwpa.a(wpa.o)
 *fill*         0x3fff06ca        0x6 
 .bss           0x3fff06d0        0x8 c:/Espressif/ESP8266_SDK/lib\libnet80211.a(ieee80211_crypto_tkip.o)
 *(.bss.*)
 .bss._ZL5ESP01
                0x3fff06d8       0x30 c:/tools/sming/Sming/compiler/lib/\libsming.a(user_main.o)
 .bss._ZL11INADDR_NONE
                0x3fff0708        0x8 c:/tools/sming/Sming/compiler/lib/\libsming.a(user_main.o)
 .bss.System    0x3fff0710       0x2c c:/tools/sming/Sming/compiler/lib/\libsming.a(System.o)
                0x3fff0710                System
 .bss._ZL5ESP01
                0x3fff073c       0x30 c:/tools/sming/Sming/compiler/lib/\libsming.a(m_printf.o)
 .bss._ZL11INADDR_NONE
                0x3fff076c        0x8 c:/tools/sming/Sming/compiler/lib/\libsming.a(m_printf.o)
 .bss._ZL5ESP01
                0x3fff0774       0x30 c:/tools/sming/Sming/compiler/lib/\libsming.a(IPAddress.o)
 .bss._ZL11INADDR_NONE
                0x3fff07a4        0x8 c:/tools/sming/Sming/compiler/lib/\libsming.a(Print.o)
 .bss._ZZN6StringixEjE19dummy_writable_char
                0x3fff07ac        0x1 c:/tools/sming/Sming/compiler/lib/\libsming.a(WString.o)
 *fill*         0x3fff07ad        0x3 
 .bss._ZL11INADDR_NONE
                0x3fff07b0        0x8 c:/tools/sming/Sming/compiler/lib/\libsming.a(WString.o)
 .bss._delegateFunctionList
                0x3fff07b8       0x40 c:/tools/sming/Sming/compiler/lib/\libsming.a(Interrupts.o)
                0x3fff07b8                _delegateFunctionList
 .bss._ZL11INADDR_NONE
                0x3fff07f8        0x8 c:/tools/sming/Sming/compiler/lib/\libsming.a(Interrupts.o)
 .bss._ZL11INADDR_NONE
                0x3fff0800        0x8 c:/tools/sming/Sming/compiler/lib/\libsming.a(Digital.o)
 .bss.tcpServer
                0x3fff0808       0x20 out/build/app_app.a(application.o)
                0x3fff0808                tcpServer
 .bss.temp      0x3fff0828        0x4 out/build/app_app.a(application.o)
                0x3fff0828                temp
 .bss.set_max_temp
                0x3fff082c        0x1 out/build/app_app.a(application.o)
                0x3fff082c                set_max_temp
 .bss.max_temp  0x3fff082d        0x1 out/build/app_app.a(application.o)
                0x3fff082d                max_temp
 .bss.sensor_error
                0x3fff082e        0x1 out/build/app_app.a(application.o)
                0x3fff082e                sensor_error
 .bss.type_s    0x3fff082f        0x1 out/build/app_app.a(application.o)
                0x3fff082f                type_s
 .bss.addr      0x3fff0830        0x8 out/build/app_app.a(application.o)
                0x3fff0830                addr
 .bss.ftpServer
                0x3fff0838       0x38 out/build/app_app.a(application.o)
                0x3fff0838                ftpServer
 .bss.webServer
                0x3fff0870       0x80 out/build/app_app.a(application.o)
                0x3fff0870                webServer
 .bss.procTimer
                0x3fff08f0       0x30 out/build/app_app.a(application.o)
                0x3fff08f0                procTimer
 .bss.oneWire   0x3fff0920       0x14 out/build/app_app.a(application.o)
                0x3fff0920                oneWire
 .bss._ZL8Settings
                0x3fff0934       0x24 out/build/app_app.a(application.o)
 .bss._ZL5ESP01
                0x3fff0958       0x30 out/build/app_app.a(application.o)
 .bss._ZL11INADDR_NONE
                0x3fff0988        0x8 out/build/app_app.a(application.o)
 .bss.spiffs_cache
                0x3fff0990      0x480 c:/tools/sming/Sming/compiler/lib/\libsming.a(spiffs_sming.o)
 .bss.spiffs_fds
                0x3fff0e10       0xe0 c:/tools/sming/Sming/compiler/lib/\libsming.a(spiffs_sming.o)
 .bss.spiffs_work_buf
                0x3fff0ef0      0x200 c:/tools/sming/Sming/compiler/lib/\libsming.a(spiffs_sming.o)
 .bss._ZL11INADDR_NONE
                0x3fff10f0        0x8 c:/tools/sming/Sming/compiler/lib/\libsming.a(Clock.o)
 .bss._ZL11INADDR_NONE
                0x3fff10f8        0x8 c:/tools/sming/Sming/compiler/lib/\libsming.a(DataSourceStream.o)
 .bss.Serial    0x3fff1100       0x14 c:/tools/sming/Sming/compiler/lib/\libsming.a(HardwareSerial.o)
                0x3fff1100                Serial
 .bss._ZN14HardwareSerial10memberDataE
                0x3fff1114       0x18 c:/tools/sming/Sming/compiler/lib/\libsming.a(HardwareSerial.o)
                0x3fff1114                HardwareSerial::memberData
 .bss._ZL11INADDR_NONE
                0x3fff112c        0x8 c:/tools/sming/Sming/compiler/lib/\libsming.a(HardwareSerial.o)
 .bss._ZL11INADDR_NONE
                0x3fff1134        0x8 c:/tools/sming/Sming/compiler/lib/\libsming.a(FTPServer.o)
 .bss._ZL11INADDR_NONE
                0x3fff113c        0x8 c:/tools/sming/Sming/compiler/lib/\libsming.a(FTPServerConnection.o)
 .bss._ZL11INADDR_NONE
                0x3fff1144        0x8 c:/tools/sming/Sming/compiler/lib/\libsming.a(HttpRequest.o)
 .bss._ZL11INADDR_NONE
                0x3fff114c        0x8 c:/tools/sming/Sming/compiler/lib/\libsming.a(HttpResponse.o)
 .bss._ZL11INADDR_NONE
                0x3fff1154        0x8 c:/tools/sming/Sming/compiler/lib/\libsming.a(HttpServer.o)
 .bss._ZL11INADDR_NONE
                0x3fff115c        0x8 c:/tools/sming/Sming/compiler/lib/\libsming.a(HttpServerConnection.o)
 .bss._ZL11INADDR_NONE
                0x3fff1164        0x8 c:/tools/sming/Sming/compiler/lib/\libsming.a(TcpClient.o)
 .bss._ZL11INADDR_NONE
                0x3fff116c        0x8 c:/tools/sming/Sming/compiler/lib/\libsming.a(TcpConnection.o)
 .bss._ZN9TcpServer16totalConnectionsE
                0x3fff1174        0x2 c:/tools/sming/Sming/compiler/lib/\libsming.a(TcpServer.o)
                0x3fff1174                TcpServer::totalConnections
 *fill*         0x3fff1176        0x2 
 .bss._ZL11INADDR_NONE
                0x3fff1178        0x8 c:/tools/sming/Sming/compiler/lib/\libsming.a(TcpServer.o)
 .bss._ZL11INADDR_NONE
                0x3fff1180        0x8 c:/tools/sming/Sming/compiler/lib/\libsming.a(WebSocket.o)
 .bss.WifiAccessPoint
                0x3fff1188        0x8 c:/tools/sming/Sming/compiler/lib/\libsming.a(AccessPoint.o)
                0x3fff1188                WifiAccessPoint
 .bss._ZL5ESP01
                0x3fff1190       0x30 c:/tools/sming/Sming/compiler/lib/\libsming.a(AccessPoint.o)
 .bss._ZL11INADDR_NONE
                0x3fff11c0        0x8 c:/tools/sming/Sming/compiler/lib/\libsming.a(AccessPoint.o)
 .bss.WifiStation
                0x3fff11c8       0x24 c:/tools/sming/Sming/compiler/lib/\libsming.a(Station.o)
                0x3fff11c8                WifiStation
 .bss._ZL5ESP01
                0x3fff11ec       0x30 c:/tools/sming/Sming/compiler/lib/\libsming.a(Station.o)
 .bss._ZL11INADDR_NONE
                0x3fff121c        0x8 c:/tools/sming/Sming/compiler/lib/\libsming.a(Station.o)
 .bss.WDT       0x3fff1224        0x8 c:/tools/sming/Sming/compiler/lib/\libsming.a(WDT.o)
                0x3fff1224                WDT
 .bss._ZN11ArduinoJson10JsonObject8_invalidE
                0x3fff122c        0x8 c:/tools/sming/Sming/compiler/lib/\libsming.a(ArduinoJson.o)
                0x3fff122c                ArduinoJson::JsonObject::_invalid
 .bss._ZN11ArduinoJson9JsonArray8_invalidE
                0x3fff1234        0x8 c:/tools/sming/Sming/compiler/lib/\libsming.a(ArduinoJson.o)
                0x3fff1234                ArduinoJson::JsonArray::_invalid
 .bss._ZL11INADDR_NONE
                0x3fff123c        0x8 c:/tools/sming/Sming/compiler/lib/\libsming.a(CommandExecutor.o)
 .bss.commandHandler
                0x3fff1244       0x1c c:/tools/sming/Sming/compiler/lib/\libsming.a(CommandHandler.o)
                0x3fff1244                commandHandler
 .bss._ZL11INADDR_NONE
                0x3fff1260        0x8 c:/tools/sming/Sming/compiler/lib/\libsming.a(CommandHandler.o)
 .bss._ZL11INADDR_NONE
                0x3fff1268        0x8 c:/tools/sming/Sming/compiler/lib/\libsming.a(CommandOutput.o)
 .bss._ZL5ESP01
                0x3fff1270       0x30 c:/tools/sming/Sming/compiler/lib/\libsming.a(OneWire.o)
 .bss._ZL11INADDR_NONE
                0x3fff12a0        0x8 c:/tools/sming/Sming/compiler/lib/\libsming.a(OneWire.o)
 .bss.SystemClock
                0x3fff12a8       0x18 c:/tools/sming/Sming/compiler/lib/\libsming.a(SystemClock.o)
                0x3fff12a8                SystemClock
 .bss._ZL11INADDR_NONE
                0x3fff12c0        0x8 c:/tools/sming/Sming/compiler/lib/\libsming.a(SystemClock.o)
 .bss.RTC       0x3fff12c8        0x1 c:/tools/sming/Sming/compiler/lib/\libsming.a(RTC.o)
                0x3fff12c8                RTC
 *fill*         0x3fff12c9        0x3 
 .bss._ZL11INADDR_NONE
                0x3fff12cc        0x8 c:/tools/sming/Sming/compiler/lib/\libsming.a(CommandDelegate.o)
 .bss._ZL5ESP01
                0x3fff12d4       0x30 c:/tools/sming/Sming/compiler/lib/\libsming.a(DateTime.o)
 .bss._ZL11INADDR_NONE
                0x3fff1304        0x8 c:/tools/sming/Sming/compiler/lib/\libsming.a(DateTime.o)
 *(.gnu.linkonce.b.*)
 *(COMMON)
 COMMON         0x3fff130c       0x70 c:/tools/sming/Sming/compiler/lib/\libsming.a(spiffs_sming.o)
                0x3fff130c                _filesystemStorageHandle
                0x3fff1380                . = ALIGN (0x8)
 *fill*         0x3fff137c        0x4 
                0x3fff1380                _bss_end = ABSOLUTE (.)
                0x3fff1380                _heap_start = ABSOLUTE (.)

.irom0.text     0x40209000    0x3e82a
                0x40209000                _irom0_text_start = ABSOLUTE (.)
 *(.irom0.literal .irom.literal .irom.text.literal .irom0.text .irom.text)
 .irom0.text    0x40209000      0xa1d c:/Espressif/ESP8266_SDK/lib\libmain.a(app_main.o)
                                0xc31 (size before relaxing)
                0x402091e8                wdt_init
                0x40209290                user_uart_wait_tx_fifo_empty
                0x40209544                user_rf_pre_init
 *fill*         0x40209a1d        0x3 
 .irom0.text    0x40209a20      0x186 c:/Espressif/ESP8266_SDK/lib\libmain.a(ets_timer.o)
                                0x1b2 (size before relaxing)
                0x40209a28                ets_timer_done
                0x40209a74                ets_timer_handler_isr
                0x40209b44                ets_timer_init
 *fill*         0x40209ba6        0x2 
 .irom0.text    0x40209ba8       0xec c:/Espressif/ESP8266_SDK/lib\libmain.a(mem_manager.o)
                                 0xf8 (size before relaxing)
                0x40209ba8                check_memleak_debug_enable
                0x40209c14                xPortGetFreeHeapSize
                0x40209c1c                vPortInitialiseBlocks
 .irom0.text    0x40209c94     0x3429 c:/Espressif/ESP8266_SDK/lib\libmain.a(user_interface.o)
                               0x3e31 (size before relaxing)
                0x40209c98                system_set_os_print
                0x40209ca8                system_get_os_print
                0x40209e70                system_pp_recycle_rx_pkt
                0x40209e84                system_adc_read
                0x40209e9c                system_get_vdd33
                0x40209eb4                system_restart_hook
                0x40209ecc                system_restart_local
                0x40209fac                system_restart
                0x4020a008                system_restore
                0x4020a070                system_get_flash_size_map
                0x4020a090                system_get_boot_version
                0x4020a0c8                system_get_test_result
                0x4020a0f0                system_get_userbin_addr
                0x4020a188                system_get_boot_mode
                0x4020a1b8                system_restart_enhance
                0x4020a2e8                system_upgrade_userbin_set
                0x4020a334                system_upgrade_userbin_check
                0x4020a374                system_upgrade_flag_set
                0x4020a388                system_upgrade_flag_check
                0x4020a3b0                system_upgrade_reboot
                0x4020a4e4                system_deep_sleep_instant
                0x4020a67c                system_deep_sleep
                0x4020a6dc                system_deep_sleep_set_option
                0x4020a6f8                system_phy_temperature_alert
                0x4020a70c                system_phy_set_max_tpw
                0x4020a720                system_phy_set_tpw_via_vdd33
                0x4020a734                system_phy_set_rfoption
                0x4020a748                system_phy_set_powerup_option
                0x4020a760                system_update_cpu_freq
                0x4020a7bc                system_get_cpu_freq
                0x4020a7d4                system_overclock
                0x4020a800                system_restoreclock
                0x4020a830                system_timer_reinit
                0x4020a848                system_relative_time
                0x4020a86c                system_station_got_ip_set
                0x4020a998                system_print_meminfo
                0x4020a9f8                system_get_free_heap_size
                0x4020aa10                system_get_chip_id
                0x4020aa34                system_rtc_clock_cali_proc
                0x4020aa48                system_get_rtc_time
                0x4020aa5c                system_mktime
                0x4020ab2c                system_init_done_cb
                0x4020ab34                system_get_rst_info
                0x4020ab3c                system_get_data_of_array_8
                0x4020ab60                system_get_data_of_array_16
                0x4020ab88                system_get_string_from_flash
                0x4020abf4                wifi_softap_dhcps_start
                0x4020ac3c                wifi_softap_dhcps_stop
                0x4020ac7c                wifi_softap_dhcps_status
                0x4020ac84                wifi_station_dhcpc_start
                0x4020acdc                wifi_station_dhcpc_stop
                0x4020ad1c                wifi_station_dhcpc_event
                0x4020ad90                wifi_station_dhcpc_set_maxtry
                0x4020ada0                wifi_station_dhcpc_status
                0x4020ae18                wifi_get_opmode
                0x4020ae2c                wifi_get_opmode_default
                0x4020aea8                wifi_get_broadcast_if
                0x4020aee4                wifi_set_broadcast_if
                0x4020b044                wifi_set_opmode
                0x4020b058                wifi_set_opmode_current
                0x4020b06c                system_get_checksum
                0x4020b0ac                wifi_param_save_protect_with_check
                0x4020b140                system_param_save_with_protect
                0x4020b1e8                system_save_sys_param
                0x4020b214                system_param_load
                0x4020b34c                wifi_station_get_config
                0x4020b360                wifi_station_get_config_default
                0x4020b380                wifi_station_get_ap_info
                0x4020b438                wifi_station_ap_number_set
                0x4020b79c                wifi_station_set_config
                0x4020b7b4                wifi_station_set_config_current
                0x4020b7cc                wifi_station_restore_config
                0x4020b7e4                wifi_station_get_current_ap_id
                0x4020b7f8                wifi_station_ap_check
                0x4020b840                wifi_station_ap_change
                0x4020b96c                wifi_station_scan
                0x4020b9b8                wifi_station_get_auto_connect
                0x4020b9cc                wifi_station_set_auto_connect
                0x4020ba1c                wifi_station_save_pmk2cache
                0x4020bad0                wifi_station_connect
                0x4020bb64                wifi_station_disconnect
                0x4020bc24                wifi_station_get_connect_status
                0x4020bc54                wifi_station_set_reconnect_policy
                0x4020bc6c                wifi_station_get_reconnect_policy
                0x4020bc74                wifi_station_get_rssi
                0x4020bcc4                wifi_station_set_default_hostname
                0x4020bd2c                wifi_station_get_hostname
                0x4020bd5c                wifi_station_set_hostname
                0x4020bdfc                wifi_softap_cacl_mac
                0x4020be6c                wifi_softap_set_default_ssid
                0x4020c04c                wifi_softap_get_config
                0x4020c060                wifi_softap_get_config_default
                0x4020c3b4                wifi_softap_set_config
                0x4020c3c8                wifi_softap_set_config_current
                0x4020c3dc                wifi_softap_set_station_info
                0x4020c448                wifi_softap_get_station_info
                0x4020c4f8                wifi_softap_free_station_info
                0x4020c540                wifi_softap_get_station_num
                0x4020c594                wifi_softap_deauth
                0x4020c644                wifi_softap_get_beacon_only_mode
                0x4020c658                wifi_softap_set_beacon_only_mode
                0x4020c6bc                wifi_register_user_ie_manufacturer_recv_cb
                0x4020c6d0                wifi_unregister_user_ie_manufacturer_recv_cb
                0x4020c704                wifi_set_user_ie
                0x4020c814                wifi_get_user_ie
                0x4020c848                wifi_get_phy_mode
                0x4020c850                wifi_set_phy_mode
                0x4020c918                wifi_set_sleep_type
                0x4020c934                wifi_get_sleep_type
                0x4020c94c                wifi_get_channel
                0x4020c964                wifi_set_channel
                0x4020c9a8                wifi_promiscuous_set_mac
                0x4020ca08                wifi_promiscuous_enable
                0x4020caec                wifi_set_promiscuous_rx_cb
                0x4020cafc                wifi_get_ip_info
                0x4020cb7c                wifi_set_ip_info
                0x4020cbf0                wifi_get_macaddr
                0x4020cc50                wifi_set_macaddr
                0x4020cd6c                wifi_enable_6m_rate
                0x4020cd74                wifi_get_user_fixed_rate
                0x4020cd94                wifi_set_user_fixed_rate
                0x4020cdb4                wifi_set_user_sup_rate
                0x4020cdf0                wifi_set_user_rate_limit
                0x4020ce14                wifi_get_user_limit_rate_mask
                0x4020ce1c                wifi_set_user_limit_rate_mask
                0x4020ce34                wifi_register_send_pkt_freedom_cb
                0x4020ce48                wifi_unregister_send_pkt_freedom_cb
                0x4020ce54                wifi_send_pkt_freedom
                0x4020cea0                wifi_rfid_locp_recv_open
                0x4020ceb4                wifi_rfid_locp_recv_close
                0x4020cec8                wifi_register_rfid_locp_recv_cb
                0x4020cedc                wifi_unregister_rfid_locp_recv_cb
                0x4020cef4                wifi_status_led_install
                0x4020cf28                wifi_status_led_uninstall
                0x4020cf4c                wifi_set_status_led_output_level
                0x4020cfa0                wifi_set_event_handler_cb
                0x4020cfe8                system_os_task
                0x4020d024                system_uart_swap
                0x4020d084                system_uart_de_swap
                0x4020d0b8                system_get_sdk_version
 *fill*         0x4020d0bd        0x3 
 .irom0.text    0x4020d0c0      0x610 c:/Espressif/ESP8266_SDK/lib\libmain.a(eagle_lib.o)
                                0x620 (size before relaxing)
                0x4020d0c4                divide
                0x4020d100                skip_atoi
                0x4020d280                ets_vsnprintf
                0x4020d5e0                ets_vsprintf
                0x4020d604                ets_sprintf
                0x4020d62c                ets_strcat
                0x4020d64c                ets_strrchr
                0x4020d678                ets_strchr
                0x4020d690                bit_popcount
                0x4020d6ac                ets_snprintf
 .irom0.text    0x4020d6d0      0x2f6 c:/Espressif/ESP8266_SDK/lib\libmain.a(eagle_lwip_if.o)
                                0x3b2 (size before relaxing)
                0x4020d788                eagle_lwip_if_alloc
                0x4020d938                eagle_lwip_if_free
                0x4020d9a4                eagle_lwip_getif
 *fill*         0x4020d9c6        0x2 
 .irom0.literal
                0x4020d9c8        0x0 c:/tools/sming/Sming/compiler/lib/\libmicroc.a(strchr.o)
                                  0x4 (size before relaxing)
 .irom0.literal
                0x4020d9c8        0x0 c:/tools/sming/Sming/compiler/lib/\libmicroc.a(strrchr.o)
                                  0x4 (size before relaxing)
 .irom0.literal
                0x4020d9c8        0xc c:/tools/sming/Sming/compiler/lib/\libmicroc.a(strchrnul.o)
 .irom0.literal
                0x4020d9d4        0x4 c:/tools/sming/Sming/compiler/lib/\libmicroc.a(malloc.o)
                                 0x14 (size before relaxing)
 .irom0.literal
                0x4020d9d8        0x4 c:/tools/sming/Sming/compiler/lib/\libmicroc.a(abort.o)
                                  0x8 (size before relaxing)
 .irom0.literal
                0x4020d9dc        0x0 c:/tools/sming/Sming/compiler/lib/\libmicroc.a(shgetc.o)
                                  0x4 (size before relaxing)
 .irom0.literal
                0x4020d9dc        0x0 c:/tools/sming/Sming/compiler/lib/\libmicroc.a(__uflow.o)
                                  0x4 (size before relaxing)
 .irom0.literal
                0x4020d9dc        0x0 c:/tools/sming/Sming/compiler/lib/\libmicroc.a(__toread.o)
                                  0x4 (size before relaxing)
 .irom0.literal
                0x4020d9dc        0x4 c:/tools/sming/Sming/compiler/lib/\libmicroc.a(__errno_location.o)
 .irom0.literal
                0x4020d9e0       0x10 c:/tools/sming/Sming/compiler/lib/\libmicroc.a(strtol.o)
                                 0x2c (size before relaxing)
 .irom0.literal
                0x4020d9f0        0x0 c:/tools/sming/Sming/compiler/lib/\libmicroc.a(memchr.o)
                                  0x8 (size before relaxing)
 .irom0.literal
                0x4020d9f0       0x2c c:/tools/sming/Sming/compiler/lib/\libmicroc.a(intscan.o)
                                 0x84 (size before relaxing)
 .irom0.literal
                0x4020da1c        0x8 c:/tools/sming/Sming/compiler/lib/\libmicrogcc.a(_divsf3.o)
                                 0x10 (size before relaxing)
 .irom0.text    0x4020da24       0x25 c:/tools/sming/Sming/compiler/lib/\libmicroc.a(strchr.o)
                                 0x29 (size before relaxing)
                0x4020da24                strchr
 *fill*         0x4020da49        0x3 
 .irom0.text    0x4020da4c        0xf c:/tools/sming/Sming/compiler/lib/\libmicroc.a(strrchr.o)
                                 0x13 (size before relaxing)
                0x4020da4c                strrchr
 *fill*         0x4020da5b        0x1 
 .irom0.text    0x4020da5c       0x75 c:/tools/sming/Sming/compiler/lib/\libmicroc.a(strchrnul.o)
                0x4020da5c                strchrnul
                0x4020da5c                __strchrnul
 *fill*         0x4020dad1        0x3 
 .irom0.text    0x4020dad4       0x65 c:/tools/sming/Sming/compiler/lib/\libmicroc.a(malloc.o)
                0x4020dad4                malloc
                0x4020dae8                free
                0x4020dafc                realloc
                0x4020db10                zalloc
                0x4020db24                calloc
 *fill*         0x4020db39        0x3 
 .irom0.text    0x4020db3c       0x11 c:/tools/sming/Sming/compiler/lib/\libmicroc.a(abort.o)
                0x4020db3c                abort
 *fill*         0x4020db4d        0x3 
 .irom0.text    0x4020db50       0x95 c:/tools/sming/Sming/compiler/lib/\libmicroc.a(shgetc.o)
                0x4020db50                __shlim
                0x4020db70                __shgetc
 *fill*         0x4020dbe5        0x3 
 .irom0.text    0x4020dbe8       0x39 c:/tools/sming/Sming/compiler/lib/\libmicroc.a(__uflow.o)
                0x4020dbe8                __uflow
 *fill*         0x4020dc21        0x3 
 .irom0.text    0x4020dc24       0x67 c:/tools/sming/Sming/compiler/lib/\libmicroc.a(__toread.o)
                                 0x6b (size before relaxing)
                0x4020dc24                __toread
                0x4020dc7c                __toread_needs_stdio_exit
 *fill*         0x4020dc8b        0x1 
 .irom0.text    0x4020dc8c        0x5 c:/tools/sming/Sming/compiler/lib/\libmicroc.a(__errno_location.o)
                0x4020dc8c                __errno_location
 *fill*         0x4020dc91        0x3 
 .irom0.text    0x4020dc94       0xfa c:/Espressif/ESP8266_SDK/lib\libphy.a(phy.o)
                                0x11e (size before relaxing)
                0x4020dc98                rf_init
                0x4020dcb4                bb_init
                0x4020dccc                phy_init
                0x4020dcfc                RFChannelSel
                0x4020dd18                phy_delete_channel
                0x4020dd30                phy_enable_agc
                0x4020dd48                phy_disable_agc
                0x4020dd60                phy_initialize_bb
                0x4020dd78                phy_set_sense
 *fill*         0x4020dd8e        0x2 
 .irom0.text    0x4020dd90     0x16f7 c:/Espressif/ESP8266_SDK/lib\libphy.a(phy_chip_v6_ana.o)
                               0x18e3 (size before relaxing)
                0x4020dd94                ram_pbus_set_rxgain
                0x4020de6c                ram_pbus_debugmode
                0x4020df20                ram_pbus_xpd_tx_on
                0x4020df8c                set_rf_freq_offset
                0x4020e000                chip_v6_rxmax_ext_ana
                0x4020e154                ram_chip_v6_rx_init
                0x4020e188                tsen_meas
                0x4020e238                readvdd33
                0x4020e404                txpwr_offset
                0x4020e4c0                set_txcap_reg
                0x4020e540                ram_ana_inf_gating_en
                0x4020e6a0                ram_restart_cal
                0x4020e70c                wait_rfpll_cal_end
                0x4020e7a0                ram_rfpll_set_freq
                0x4020e8ac                ram_set_channel_freq
                0x4020ebac                chip_60_set_channel
                0x4020ed3c                chip_v6_set_chan_offset
                0x4020ed78                chip_v6_set_chan
                0x4020ee0c                chip_v6_set_chan_wakeup
                0x4020ee90                chip_v6_rf_init
                0x4020f0b4                low_power_set
                0x4020f108                test_tout
                0x4020f280                check_data_flag
                0x4020f2a0                phy_get_check_flag
                0x4020f3d4                phy_get_vdd33
 *fill*         0x4020f487        0x1 
 .irom0.text    0x4020f488     0x3c2b c:/Espressif/ESP8266_SDK/lib\libphy.a(phy_chip_v6.o)
                               0x4293 (size before relaxing)
                0x4020f488                ram_tx_mac_enable
                0x4020f48c                ram_tx_mac_disable
                0x4020f490                rtc_mem_backup
                0x4020f4c0                rtc_mem_recovery
                0x4020f4f0                set_cal_rxdc
                0x4020f5a4                set_rx_gain_cal_iq
                0x4020f900                gen_rx_gain_table
                0x4020fa58                pbus_set_rxbbgain
                0x4020fad8                set_rx_gain_testchip_50
                0x4020fe0c                ram_get_corr_power
                0x4020fefc                check_data_func
                0x4020ff1c                do_noisefloor_lsleep_v50
                0x4020ff50                do_noisefloor
                0x4020ffc0                start_dig_rx
                0x40210004                stop_dig_rx
                0x40210030                chip_v6_set_chanfreq
                0x4021005c                tx_cap_init
                0x40210210                target_power_add_backoff
                0x40210260                tx_pwctrl_init_cal
                0x402103c8                tx_atten_set_interp
                0x40210638                tx_pwctrl_init
                0x4021072c                ram_get_noisefloor
                0x40210748                get_noisefloor_sat
                0x40210778                ram_set_noise_floor
                0x402107d4                ram_start_noisefloor
                0x40210820                read_hw_noisefloor
                0x4021084c                noise_check_loop
                0x402109a8                noise_init
                0x40210ba8                target_power_backoff
                0x40210bfc                sdt_on_noise_start
                0x40210c7c                chip_v6_set_chan_rx_cmp
                0x40210e08                chip_v6_set_chan_misc
                0x40210e9c                phy_dig_spur_set
                0x402111f4                phy_dig_spur_prot
                0x4021142c                chip_v6_rxmax_ext_dig
                0x40211478                chip_v6_rxmax_ext
                0x40211528                phy_bb_rx_cfg
                0x40211930                uart_wait_idle
                0x40211968                phy_pbus_soc_cfg
                0x40211a28                phy_gpio_cfg
                0x40211d70                tx_cont_en
                0x40211e14                tx_cont_dis
                0x40211e68                tx_cont_cfg
                0x40211e88                chip_v6_initialize_bb
                0x40211ff0                periodic_cal
                0x402120d0                bbpll_cal
                0x40212168                periodic_cal_top
                0x402121c8                register_chipv6_phy_init_param
                0x4021246c                change_bbpll160_sleep
                0x40212598                change_bbpll160
                0x402125d0                set_crystal_uart
                0x40212668                ant_switch_init
                0x40212714                reduce_current_init
                0x4021277c                rtc_mem_check
                0x402127b8                phy_afterwake_set_rfoption
                0x402127d8                deep_sleep_set_option
                0x40212804                write_data_to_rtc
                0x4021283c                get_data_from_rtc
                0x402128c4                register_chipv6_phy
                0x40212cd4                set_dpd_bypass
                0x40212cfc                set_rf_gain_stage10
                0x40212d2c                get_vdd33_offset
                0x40212da0                get_phy_target_power
                0x40212e54                set_most_pwr_reg
                0x40212f28                phy_set_most_tpw
                0x40212f48                phy_vdd33_set_tpw
                0x40212f60                get_adc_rand
                0x40212f94                phy_get_rand
                0x40212fac                phy_tx_pwctrl_cali
                0x40212fd4                phy_check_data_table
                0x40213010                phy_after_init_enrx
                0x40213074                phy_set_rx11b_reg
                0x402130a8                phy_set_powerup_option
 *fill*         0x402130b3        0x1 
 .irom0.text    0x402130b4     0x21ac c:/Espressif/ESP8266_SDK/lib\libphy.a(phy_chip_v6_cal.o)
                               0x23ec (size before relaxing)
                0x402130b4                txbbgain2dcoindex
                0x402130d4                dcoindex2txbbgain
                0x402130f8                init_cal_dcoffset
                0x402131bc                set_rfanagain_dc_reg
                0x40213258                set_txdc_pbus
                0x402132c4                get_rf_gain_qdb
                0x402132ec                correct_rf_ana_gain
                0x402133f4                get_sar_dout
                0x4021348c                cal_rf_ana_gain
                0x40213564                meas_tone_pwr_db
                0x402135d4                tx_pwr_backoff
                0x40213720                get_fcc_1m2m_pwr_offset
                0x4021375c                ram_set_txbb_atten
                0x402137f0                txiq_get_mis_pwr
                0x40213894                txiq_cover
                0x40213ab0                ram_rfcal_txiq
                0x40213d20                rc_cal
                0x40213ee0                get_target_power_offset
                0x40213fe8                get_pwctrl_correct
                0x40214044                tx_pwctrl_cal
                0x402143d4                tx_pwctrl_bg_init
                0x4021444c                tx_pwctrl_background
                0x40214524                read_sar_dout
                0x40214588                ram_get_fm_sar_dout
                0x4021462c                ram_cal_tos_v60
                0x4021480c                ram_get_bb_atten
                0x4021483c                ram_rfcal_txcap
                0x40214a00                ram_rfcal_pwrctrl
                0x40214c1c                ram_rxiq_get_mis
                0x40214dec                ram_rxiq_cover_mg_mp
                0x40214f90                ram_rfcal_rxiq
                0x4021519c                dpd_scale_set
                0x402151e4                dpd_mem_write
 .irom0.text    0x40215260      0xd7e c:/Espressif/ESP8266_SDK/lib\libphy.a(phy_sleep.o)
                                0xfaa (size before relaxing)
                0x40215260                pm_usec2rtc
                0x40215294                pm_rtc2usec
                0x402152a4                pm_set_sleep_cycles
                0x402152cc                pm_sleep_opt
                0x402153e4                pm_wakeup_opt
                0x4021541c                get_chip_version
                0x4021545c                pm_sleep_opt_bb_off
                0x4021549c                pm_sleep_opt_bb_on
                0x402154e8                pm_set_pll_xtal_wait_time
                0x40215530                pm_prepare_to_sleep
                0x40215554                pm_sdio_nidle
                0x402155c8                chg_lslp_mem_opt_8266
                0x402155f8                pm_goto_sleep
                0x40215744                pm_wait4wakeup
                0x40215780                pm_open_rf
                0x402157c0                pm_sleep_set_mac
                0x40215844                pm_set_wakeup_mac
                0x402158e0                pm_check_mac_idle
                0x40215938                pm_set_sleep_btco
                0x402159d8                pm_set_wakeup_btco
                0x40215af0                pm_set_sleep_mode
                0x40215c0c                pm_unmask_bt
                0x40215c74                pm_wakeup_init
                0x40215e84                sleep_opt_8266
                0x40215ea4                sleep_opt_bb_on_8266
                0x40215edc                sleep_reset_analog_rtcreg_8266
 *fill*         0x40215fde        0x2 
 .irom0.text    0x40215fe0      0x469 c:/Espressif/ESP8266_SDK/lib\libpp.a(if_hwctrl.o)
                                0x581 (size before relaxing)
                0x40216000                ic_get_addr
                0x4021600c                ic_set_opmode
                0x40216020                ic_enable_interface
                0x40216070                ic_interface_enabled
                0x40216084                ic_disable_interface
                0x402160cc                ic_is_pure_sta
                0x402160e8                ic_get_ptk_alg
                0x402160f8                ic_get_gtk_alg
                0x40216108                ic_set_ptk_alg
                0x40216118                ic_set_gtk_alg
                0x40216128                ic_interface_is_p2p
                0x402161c0                ic_set_vif
                0x40216280                ic_set_sta
                0x40216358                ic_bss_info_update
                0x402163b4                ic_set_key
                0x40216410                ic_remove_key
                0x40216424                ic_get_rssi
 *fill*         0x40216449        0x3 
 .irom0.text    0x4021644c      0x100 c:/Espressif/ESP8266_SDK/lib\libpp.a(lmac.o)
                                0x118 (size before relaxing)
                0x40216450                lmacInitAc
                0x40216484                lmacInit
                0x40216530                lmacSetRetryLimit
 .irom0.text    0x4021654c     0x1859 c:/Espressif/ESP8266_SDK/lib\libpp.a(pm.o)
                               0x1d41 (size before relaxing)
                0x40216554                pm_rtc_clock_cali_proc
                0x4021658c                pm_get_ck170_period
                0x402165b0                pm_set_sleep_time
                0x40216914                pm_rf_is_closed
                0x40216944                pm_set_sleep_type_from_upper
                0x40216a34                pm_get_sleep_type
                0x40216bb8                uart_tx_flush
                0x40216bbc                pm_suspend
                0x40216ddc                pm_shutdown
                0x40216ea4                pm_reset_idle_sleep
                0x40216ee4                pm_idle_sleep
                0x40216ef0                pm_open
                0x40216fb8                pm_onBcnRx
                0x40217320                StopLightSleepSetFunc
                0x40217328                LightSleepWakedCbSetFunc
                0x40217824                pm_enable_gpio_wakeup
                0x4021785c                pm_attach
                0x40217950                pm_send_nullfunc
                0x40217adc                pm_is_waked
                0x40217af4                pm_is_open
                0x40217b0c                pm_scan_lock
                0x40217b34                pm_try_scan_unlock
                0x40217b4c                pm_force_scan_unlock
                0x40217bc8                pm_scan_unlocked
                0x40217bdc                pm_allow_tx
                0x40217bf8                pm_assoc_parse
                0x40217c10                pm_set_addr
                0x40217c30                pm_sleep_for
                0x40217c60                pm_post
                0x40217d64                pm_get_idle_wait_time
 *fill*         0x40217da5        0x3 
 .irom0.text    0x40217da8      0xa91 c:/Espressif/ESP8266_SDK/lib\libpp.a(pm_for_bcn_only_mode.o)
                                0xe21 (size before relaxing)
                0x40217dbc                wifi_fpm_set_sleep_type
                0x40217dbc                fpm_set_type_from_upper
                0x40217e78                fpm_get_slp_type
                0x40217e78                wifi_fpm_get_sleep_type
                0x40217e80                fpm_rf_is_closed
                0x40217e94                fpm_is_open
                0x40217ea0                fpm_allow_tx
                0x40217ec4                fpm_close
                0x40217ec4                wifi_fpm_close
                0x40217f40                fpm_open
                0x40217f40                wifi_fpm_open
                0x40217fa8                fpm_attach
                0x4021818c                fpm_set_wakeup_cb
                0x4021818c                wifi_fpm_set_wakeup_cb
                0x402182fc                fpm_do_wakeup
                0x402182fc                wifi_fpm_do_wakeup
                0x402187c0                fpm_do_sleep
                0x402187c0                wifi_fpm_do_sleep
 *fill*         0x40218839        0x3 
 .irom0.text    0x4021883c     0x15b6 c:/Espressif/ESP8266_SDK/lib\libpp.a(pp.o)
                               0x1996 (size before relaxing)
                0x40218848                PPWdtReset
                0x4021887c                pp_soft_wdt_init
                0x4021889c                system_soft_wdt_feed
                0x4021889c                pp_soft_wdt_feed
                0x402188b8                system_soft_wdt_stop
                0x402188b8                pp_soft_wdt_stop
                0x402188e4                system_soft_wdt_restart
                0x402188e4                pp_soft_wdt_restart
                0x4021891c                RxNodeNum
                0x40218934                TxNodeNum
                0x40218958                pp_disable_noise_timer
                0x40218978                pp_enable_noise_timer
                0x40218a88                pp_noise_test
                0x40218a98                reset_noise_timer
                0x40218ad0                pp_disable_idle_timer
                0x40218af4                pp_enable_idle_timer
                0x40218b1c                pp_try_enable_idle_timer
                0x40218b58                ppPeocessRxPktHdr
                0x40218ea0                HdlAllBuffedEb
                0x40218f28                ppTxPkt
                0x40219090                ppProcessWaitQ
                0x402190a0                ppRegisterTxCallback
                0x402190c8                ppUnregisterTxCallback
                0x402190fc                ppRecycleRxPkt
                0x4021915c                ppCheckTxIdle
                0x402193d4                pp_tx_idle_timeout
                0x40219590                DefFreqCalTimerCB
                0x40219910                ppGetTxQFirstAvail_Locked
                0x402199f0                pp_attach
 *fill*         0x40219df2        0x2 
 .irom0.text    0x40219df4      0x296 c:/Espressif/ESP8266_SDK/lib\libpp.a(rate_control.o)
                                0x2a2 (size before relaxing)
                0x4021a040                RC_SetBasicRate
 *fill*         0x4021a08a        0x2 
 .irom0.text    0x4021a08c      0x5e9 c:/Espressif/ESP8266_SDK/lib\libpp.a(trc.o)
                                0x64d (size before relaxing)
                0x4021a08c                phytype2mode
                0x4021a0a8                rc_set_rate_limit_id
                0x4021a1c4                rcUpdatePhyMode
                0x4021a390                rcAttach
                0x4021a3dc                rcGetTrc
                0x4021a3e4                trc_onDisconnect
                0x4021a3e8                trc_onScanStart
                0x4021a3fc                trc_onScanDone
                0x4021a418                rc_enable_trc
                0x4021a4f0                rc_get_mask
                0x4021a504                rc_disable_trc
                0x4021a558                rc_disable_trc_by_interface
                0x4021a574                rc_get_sta_trc
                0x4021a5b8                rc_get_trc
                0x4021a628                rc_get_trc_by_index
                0x4021a648                rc_only_sta_trc
 *fill*         0x4021a675        0x3 
 .irom0.text    0x4021a678      0xaf7 c:/Espressif/ESP8266_SDK/lib\libpp.a(wdev.o)
                                0xc53 (size before relaxing)
                0x4021a684                wDev_Option_Init
                0x4021a778                wDev_Enable_Beacon_Tsf
                0x4021a794                wDev_Disable_Beacon_Tsf
                0x4021a7b0                wDev_Set_Beacon_Int
                0x4021a7b8                wDev_Reset_TBTT
                0x4021a7e8                wDev_Get_Next_TBTT
                0x4021aa64                wDev_Initialize
                0x4021aad4                wDevForceAck6M
                0x4021aaf0                wDev_SetMacAddress
                0x4021ab8c                wDev_SetRxPolicy
                0x4021abe0                wDev_SetBssid
                0x4021acb8                wDev_ClearBssid
                0x4021acf0                wDev_Insert_KeyEntry
                0x4021ade4                wDev_remove_KeyEntry
                0x4021ae20                wDev_remove_KeyEntry_all_cnx
                0x4021ae70                wDev_Crypto_Conf
                0x4021af0c                wDev_Crypto_Disable
                0x4021af44                wDevEnableRx
                0x4021af6c                wdev_go_sniffer
                0x4021b048                wdev_set_sniffer_addr
                0x4021b0a0                wdev_exit_sniffer
 *fill*         0x4021b16f        0x1 
 .irom0.text    0x4021b170      0x3e6 c:/Espressif/ESP8266_SDK/lib\libpp.a(esf_buf.o)
                                0x4b2 (size before relaxing)
                0x4021b178                esf_buf_alloc
                0x4021b35c                esf_buf_recycle
                0x4021b49c                esf_buf_setup
 *fill*         0x4021b556        0x2 
 .irom0.text    0x4021b558      0x475 c:/Espressif/ESP8266_SDK/lib\libnet80211.a(ieee80211.o)
                                0x545 (size before relaxing)
                0x4021b5dc                ieee80211_rate_ref_init
                0x4021b5f0                ieee80211_freedom_inside_cb
                0x4021b620                ieee80211_freedom_init
                0x4021b644                ieee80211_user_ie_init
                0x4021b660                ieee80211_ifattach
                0x4021b6c4                ieee80211_mhz2ieee
                0x4021b720                ieee80211_chan2ieee
                0x4021b73c                ieee80211_ieee2mhz
                0x4021b77c                ieee80211_find_channel
                0x4021b7a8                ieee80211_find_channel_byieee
                0x4021b7f8                wifi_mode_set
 *fill*         0x4021b9cd        0x3 
 .irom0.text    0x4021b9d0       0xcf c:/Espressif/ESP8266_SDK/lib\libnet80211.a(ieee80211_crypto.o)
                                 0xd7 (size before relaxing)
                0x4021b9d0                ieee80211_crypto_attach
                0x4021b9d4                ieee80211_crypto_available
                0x4021b9d8                ieee80211_crypto_setkey
                0x4021b9dc                ieee80211_crypto_encap
                0x4021ba34                ieee80211_crypto_decap
 *fill*         0x4021ba9f        0x1 
 .irom0.text    0x4021baa0       0x4c c:/Espressif/ESP8266_SDK/lib\libnet80211.a(ieee80211_ets.o)
                                 0x50 (size before relaxing)
                0x4021baa4                ieee80211_getmgtframe
 .irom0.text    0x4021baec     0x1a08 c:/Espressif/ESP8266_SDK/lib\libnet80211.a(ieee80211_hostap.o)
                               0x1f77 (size before relaxing)
                0x4021c110                ieee80211_hostap_attach
                0x4021c20c                hostap_handle_timer
                0x4021c2a4                hostap_input
                0x4021d1f0                wifi_softap_start
                0x4021d35c                wifi_softap_stop
 *fill*         0x4021d4f4        0x0 
 .irom0.text    0x4021d4f4      0xa82 c:/Espressif/ESP8266_SDK/lib\libnet80211.a(ieee80211_ht.o)
                                0xb4e (size before relaxing)
                0x4021d504                ieee80211_ht_attach
                0x4021d558                ieee80211_ht_node_init
                0x4021d598                ieee80211_ht_node_cleanup
                0x4021d5d0                ieee80211_parse_htcap
                0x4021d6b4                ieee80211_ht_updateparams
                0x4021d7c8                ieee80211_setup_htrates
                0x4021d894                ieee80211_setup_basic_htrates
                0x4021dbe0                ieee80211_add_htcap
                0x4021dbfc                ieee80211_add_htcap_vendor
                0x4021dd20                ieee80211_add_htinfo
                0x4021dd3c                ieee80211_add_htinfo_vendor
 *fill*         0x4021df76        0x2 
 .irom0.text    0x4021df78      0xa8c c:/Espressif/ESP8266_SDK/lib\libnet80211.a(ieee80211_input.o)
                                0xb1c (size before relaxing)
                0x4021df78                ieee80211_deliver_data
                0x4021dfcc                ieee80211_decap
                0x4021e0d0                ieee80211_setup_rates
                0x4021e140                ieee80211_alloc_challenge
                0x4021e17c                ieee80211_parse_beacon
                0x4021e750                ieee80211_parse_wpa
                0x4021e864                ieee80211_parse_rsn
                0x4021e964                ieee80211_parse_action
                0x4021ea00                ieee80211_setup_rateset
 .irom0.text    0x4021ea04      0x2a6 c:/Espressif/ESP8266_SDK/lib\libnet80211.a(ieee80211_mesh_quick.o)
                                0x302 (size before relaxing)
                0x4021ea10                ieee80211_mesh_quick_init
                0x4021ea80                ieee80211_mesh_quick_deinit
                0x4021eab0                ieee80211_mesh_quick_set
                0x4021ebac                ieee80211_mesh_quick_get
                0x4021ec78                ieee80211_mesh_quick_ie_add
 *fill*         0x4021ecaa        0x2 
 .irom0.text    0x4021ecac     0x1c56 c:/Espressif/ESP8266_SDK/lib\libnet80211.a(ieee80211_output.o)
                               0x1ff2 (size before relaxing)
                0x4021ecb0                ieee80211_output_pbuf
                0x4021ef24                ieee80211_send_setup
                0x4021f058                ieee80211_mgmt_output
                0x4021f13c                ieee80211_tx_mgt_cb
                0x4021f140                ieee80211_send_nulldata
                0x4021f5b0                ieee80211_add_rates
                0x4021f600                ieee80211_add_xrates
                0x4021f6d0                ieee80211_send_probereq
                0x4021f8e4                ieee80211_getcapinfo
                0x4021f940                ieee80211_send_mgmt
                0x4021fee0                ieee80211_alloc_proberesp
                0x402200b8                ieee80211_send_proberesp
                0x40220204                ieee80211_alloc_deauth
                0x40220244                ieee80211_send_deauth
                0x40220380                ieee80211_freedom_output
                0x4022076c                ieee80211_beacon_alloc
 *fill*         0x40220902        0x2 
 .irom0.text    0x40220904       0xe0 c:/Espressif/ESP8266_SDK/lib\libnet80211.a(ieee80211_phy.o)
                                0x108 (size before relaxing)
                0x40220904                ieee80211_phy_init
                0x40220938                ieee80211_phy_type_get
                0x40220954                ieee80211_setup_ratetable
 .irom0.text    0x402209e4      0x1b6 c:/Espressif/ESP8266_SDK/lib\libnet80211.a(ieee80211_power.o)
                                0x1f2 (size before relaxing)
                0x402209e4                ieee80211_psq_init
                0x40220a04                ieee80211_psq_cleanup
                0x40220a0c                ieee80211_set_tim
                0x40220a4c                ieee80211_pwrsave
                0x40220ab4                pwrsave_flushq
                0x40220b64                ieee80211_node_pwrsave
 *fill*         0x40220b9a        0x2 
 .irom0.text    0x40220b9c      0x101 c:/Espressif/ESP8266_SDK/lib\libnet80211.a(ieee80211_proto.o)
                                0x129 (size before relaxing)
                0x40220ba0                ieee80211_proto_attach