Archive member included because of file (symbol)

c:/Espressif/ESP8266_SDK/lib\libmain.a(debug-vector.o)
                              (_DebugExceptionVector)
c:/Espressif/ESP8266_SDK/lib\libmain.a(double-vector.o)
                              (_DoubleExceptionVector)
c:/Espressif/ESP8266_SDK/lib\libmain.a(kernel-vector.o)
                              (_KernelExceptionVector)
c:/Espressif/ESP8266_SDK/lib\libmain.a(nmi-vector.o)
                              (_NMIExceptionVector)
c:/Espressif/ESP8266_SDK/lib\libmain.a(user-vector.o)
                              (_UserExceptionVector)
c:/Espressif/ESP8266_SDK/lib\libmain.a(vector.o)
                              (call_user_start)
c:/Espressif/ESP8266_SDK/lib\libmain.a(app_main.o)
                              c:/Espressif/ESP8266_SDK/lib\libmain.a(nmi-vector.o) (NMI_Handler)
c:/Espressif/ESP8266_SDK/lib\libmain.a(ets_timer.o)
                              c:/Espressif/ESP8266_SDK/lib\libmain.a(app_main.o) (ets_timer_setfn)
c:/Espressif/ESP8266_SDK/lib\libmain.a(mem_manager.o)
                              c:/Espressif/ESP8266_SDK/lib\libmain.a(app_main.o) (pvPortMalloc)
c:/Espressif/ESP8266_SDK/lib\libmain.a(spi_flash.o)
                              c:/Espressif/ESP8266_SDK/lib\libmain.a(app_main.o) (spi_flash_read)
c:/Espressif/ESP8266_SDK/lib\libmain.a(user_interface.o)
                              c:/Espressif/ESP8266_SDK/lib\libmain.a(app_main.o) (done_cb)
c:/Espressif/ESP8266_SDK/lib\libmain.a(eagle_lib.o)
                              c:/Espressif/ESP8266_SDK/lib\libmain.a(user_interface.o) (ets_sprintf)
c:/Espressif/ESP8266_SDK/lib\libmain.a(eagle_lwip_if.o)
                              c:/Espressif/ESP8266_SDK/lib\libmain.a(user_interface.o) (hostname)
c:/tools/sming/Sming/compiler/lib/\libsming.a(user_main.o)
                              c:/Espressif/ESP8266_SDK/lib\libmain.a(app_main.o) (user_init)
c:/tools/sming/Sming/compiler/lib/\libsming.a(System.o)
                              c:/tools/sming/Sming/compiler/lib/\libsming.a(user_main.o) (SystemClass::initialize())
c:/tools/sming/Sming/compiler/lib/\libsming.a(esp_cplusplus.o)
                              c:/tools/sming/Sming/compiler/lib/\libsming.a(user_main.o) (cpp_core_initialize)
c:/tools/sming/Sming/compiler/lib/\libsming.a(m_printf.o)
                              c:/tools/sming/Sming/compiler/lib/\libsming.a(esp_cplusplus.o) (m_printf)
c:/tools/sming/Sming/compiler/lib/\libsming.a(stringconversion.o)
                              c:/tools/sming/Sming/compiler/lib/\libsming.a(m_printf.o) (ltoa_w)
c:/tools/sming/Sming/compiler/lib/\libsming.a(IPAddress.o)
                              c:/tools/sming/Sming/compiler/lib/\libsming.a(user_main.o) (IPAddress::IPAddress(unsigned char, unsigned char, unsigned char, unsigned char))
c:/tools/sming/Sming/compiler/lib/\libsming.a(Print.o)
                              c:/tools/sming/Sming/compiler/lib/\libsming.a(IPAddress.o) (Print::print(char))
c:/tools/sming/Sming/compiler/lib/\libsming.a(WString.o)
                              c:/tools/sming/Sming/compiler/lib/\libsming.a(IPAddress.o) (String::~String())
c:/tools/sming/Sming/compiler/lib/\libsming.a(Interrupts.o)
                              c:/tools/sming/Sming/compiler/lib/\libsming.a(System.o) (noInterrupts())
c:/tools/sming/Sming/compiler/lib/\libsming.a(Digital.o)
                              c:/tools/sming/Sming/compiler/lib/\libsming.a(Interrupts.o) (pinMode(unsigned short, unsigned char))
out/build/app_app.a(application.o)
                              c:/tools/sming/Sming/compiler/lib/\libsming.a(user_main.o) (init())
c:/tools/sming/Sming/compiler/lib/\libmicroc.a(isspace.o)
                              c:/tools/sming/Sming/compiler/lib/\libsming.a(WString.o) (isspace)
c:/tools/sming/Sming/compiler/lib/\libmicroc.a(tolower.o)
                              c:/tools/sming/Sming/compiler/lib/\libsming.a(WString.o) (tolower)
c:/tools/sming/Sming/compiler/lib/\libmicroc.a(toupper.o)
                              c:/tools/sming/Sming/compiler/lib/\libsming.a(WString.o) (toupper)
c:/tools/sming/Sming/compiler/lib/\libmicroc.a(atof.o)
                              c:/tools/sming/Sming/compiler/lib/\libsming.a(WString.o) (atof)
c:/tools/sming/Sming/compiler/lib/\libmicroc.a(atoi.o)
                              c:/tools/sming/Sming/compiler/lib/\libsming.a(WString.o) (atoi)
c:/tools/sming/Sming/compiler/lib/\libmicroc.a(strtod.o)
                              c:/tools/sming/Sming/compiler/lib/\libmicroc.a(atof.o) (strtod)
c:/tools/sming/Sming/compiler/lib/\libmicroc.a(__fpclassify.o)
                              c:/tools/sming/Sming/compiler/lib/\libsming.a(stringconversion.o) (__fpclassifyd)
c:/tools/sming/Sming/compiler/lib/\libmicroc.a(strchr.o)
                              c:/tools/sming/Sming/compiler/lib/\libsming.a(WString.o) (strchr)
c:/tools/sming/Sming/compiler/lib/\libmicroc.a(strrchr.o)
[...]
Memory Configuration

Name             Origin             Length             Attributes
dport0_0_seg     0x3ff00000         0x00000010
dram0_0_seg      0x3ffe8000         0x00014000
iram1_0_seg      0x40100000         0x00008000
irom0_0_seg      0x40209000         0x00042000
*default*        0x00000000         0xffffffff

Linker script and memory map

START GROUP
LOAD c:/tools/sming/Sming/compiler/lib/\libmicroc.a
LOAD c:/tools/sming/Sming/compiler/lib/\libmicrogcc.a
LOAD c:/espressif/xtensa-lx106-elf/bin/../lib/gcc/xtensa-lx106-elf/5.1.0/../../../../xtensa-lx106-elf/lib\libhal.a
LOAD c:/Espressif/ESP8266_SDK/lib\libphy.a
LOAD c:/Espressif/ESP8266_SDK/lib\libpp.a
LOAD c:/Espressif/ESP8266_SDK/lib\libnet80211.a
LOAD c:/Espressif/ESP8266_SDK/lib\liblwip.a
LOAD c:/Espressif/ESP8266_SDK/lib\libwpa.a
LOAD c:/Espressif/ESP8266_SDK/lib\libmain.a
LOAD c:/tools/sming/Sming/compiler/lib/\libsming.a
LOAD out/build/app_app.a
END GROUP
                0x40000000                PROVIDE (_memmap_vecbase_reset, 0x40000000)
                0x00000110                _memmap_cacheattr_wb_base = 0x110
                0x00000110                _memmap_cacheattr_wt_base = 0x110
                0x00000220                _memmap_cacheattr_bp_base = 0x220
                0xfffff00f                _memmap_cacheattr_unused_mask = 0xfffff00f
                0x2222211f                _memmap_cacheattr_wb_trapnull = 0x2222211f
                0x2222211f                _memmap_cacheattr_wba_trapnull = 0x2222211f
                0x2222211f                _memmap_cacheattr_wbna_trapnull = 0x2222211f
                0x2222211f                _memmap_cacheattr_wt_trapnull = 0x2222211f
                0x2222222f                _memmap_cacheattr_bp_trapnull = 0x2222222f
                0xfffff11f                _memmap_cacheattr_wb_strict = 0xfffff11f
                0xfffff11f                _memmap_cacheattr_wt_strict = 0xfffff11f
                0xfffff22f                _memmap_cacheattr_bp_strict = 0xfffff22f
                0x22222112                _memmap_cacheattr_wb_allvalid = 0x22222112
                0x22222112                _memmap_cacheattr_wt_allvalid = 0x22222112
                0x22222222                _memmap_cacheattr_bp_allvalid = 0x22222222
                0x2222211f                PROVIDE (_memmap_cacheattr_reset, _memmap_cacheattr_wb_trapnull)

.dport0.rodata  0x3ff00000        0x0
                0x3ff00000                _dport0_rodata_start = ABSOLUTE (.)
 *(.dport0.rodata)
 *(.dport.rodata)
                0x3ff00000                _dport0_rodata_end = ABSOLUTE (.)

.dport0.literal
                0x3ff00000        0x0
                0x3ff00000                _dport0_literal_start = ABSOLUTE (.)
 *(.dport0.literal)
 *(.dport.literal)
                0x3ff00000                _dport0_literal_end = ABSOLUTE (.)

.dport0.data    0x3ff00000        0x0
                0x3ff00000                _dport0_data_start = ABSOLUTE (.)
 *(.dport0.data)
 *(.dport.data)
                0x3ff00000                _dport0_data_end = ABSOLUTE (.)

.data           0x3ffe8000      0x351
                0x3ffe8000                _data_start = ABSOLUTE (.)
 *(.data)
 .data          0x3ffe8000        0x4 c:/Espressif/ESP8266_SDK/lib\libmain.a(nmi-vector.o)
                0x3ffe8000                _Pri_3_HandlerAddress
 .data          0x3ffe8004        0x1 c:/Espressif/ESP8266_SDK/lib\libmain.a(app_main.o)
 *fill*         0x3ffe8005        0x3 
 .data          0x3ffe8008        0x5 c:/Espressif/ESP8266_SDK/lib\libmain.a(user_interface.o)
                0x3ffe8009                timer2_ms_flag
                0x3ffe800a                dhcps_flag
                0x3ffe800b                dhcpc_flag
                0x3ffe800c                reconnect_internal
 *fill*         0x3ffe800d        0x3 
 .data          0x3ffe8010        0x1 c:/Espressif/ESP8266_SDK/lib\libmain.a(eagle_lwip_if.o)
                0x3ffe8010                default_hostname
 *fill*         0x3ffe8011        0xf 
 .data          0x3ffe8020       0x53 c:/Espressif/ESP8266_SDK/lib\libphy.a(phy_chip_v6.o)
                0x3ffe8022                tx_rf_ana_gain
                0x3ffe8050                rx_gain_swp
                0x3ffe8070                test_rffreq_txcap
 *fill*         0x3ffe8073        0x1 
 .data          0x3ffe8074        0x4 c:/Espressif/ESP8266_SDK/lib\libphy.a(phy_sleep.o)
                0x3ffe8074                chip_version
 .data          0x3ffe8078        0x1 c:/Espressif/ESP8266_SDK/lib\libpp.a(pm.o)
 *fill*         0x3ffe8079        0x3 
 .data          0x3ffe807c        0x1 c:/Espressif/ESP8266_SDK/lib\libpp.a(pm_for_bcn_only_mode.o)
 *fill*         0x3ffe807d        0x3 
 .data          0x3ffe8080       0x1c c:/Espressif/ESP8266_SDK/lib\libpp.a(pp.o)
                0x3ffe8080                soft_wdt_interval
                0x3ffe8084                NoiseTimerInterval
                0x3ffe808c                sleep_start_wait_time
                0x3ffe8094                CanDoFreqCal
                0x3ffe8098                tcb
 *fill*         0x3ffe809c        0x4 
 .data          0x3ffe80a0       0x40 c:/Espressif/ESP8266_SDK/lib\libpp.a(rate_control.o)
 .data          0x3ffe80e0      0x22c c:/Espressif/ESP8266_SDK/lib\libpp.a(trc.o)
 .data          0x3ffe830c        0x8 c:/Espressif/ESP8266_SDK/lib\libpp.a(wdev.o)
 .data          0x3ffe8314        0x3 c:/Espressif/ESP8266_SDK/lib\libnet80211.a(ieee80211.o)
                0x3ffe8314                esp_mac_head
 *fill*         0x3ffe8317        0x1 
 .data          0x3ffe8318        0x1 c:/Espressif/ESP8266_SDK/lib\libnet80211.a(ieee80211_hostap.o)
                0x3ffe8318                TmpSTAAPCloseAP
 *fill*         0x3ffe8319        0x7 
 .data          0x3ffe8320       0x1c c:/Espressif/ESP8266_SDK/lib\libnet80211.a(ieee80211_action.o)
 .data          0x3ffe833c        0x4 c:/Espressif/ESP8266_SDK/lib\liblwip.a(dhcp.o)
 .data          0x3ffe8340        0x2 c:/Espressif/ESP8266_SDK/lib\liblwip.a(dhcpserver.o)
 *fill*         0x3ffe8342        0x2 
 .data          0x3ffe8344        0x8 c:/Espressif/ESP8266_SDK/lib\liblwip.a(tcp.o)
 *(.data.*)
 .data.cbc_printchar
                0x3ffe834c        0x4 c:/tools/sming/Sming/compiler/lib/\libsming.a(m_printf.o)
                0x3ffe834c                cbc_printchar
 .data.max_temp
                0x3ffe8350        0x1 out/build/app_app.a(application.o)
                0x3ffe8350                max_temp
 *(.gnu.linkonce.d.*)
 *(.data1)
 *(.sdata)
 *(.sdata.*)
 *(.gnu.linkonce.s.*)
 *(.sdata2)
 *(.sdata2.*)
 *(.gnu.linkonce.s2.*)
 *(.jcr)
                0x3ffe8351                _data_end = ABSOLUTE (.)

.rodata         0x3ffe8358     0x11bc
                0x3ffe8358                _rodata_start = ABSOLUTE (.)
 *(.sdk.version)
 .sdk.version   0x3ffe8358        0x6 c:/Espressif/ESP8266_SDK/lib\libmain.a(app_main.o)
                0x3ffe8358                SDK_VERSION
 *(.rodata)
 *fill*         0x3ffe835e        0x2 
 .rodata        0x3ffe8360        0x8 c:/Espressif/ESP8266_SDK/lib\libphy.a(phy_chip_v6.o)
 .rodata        0x3ffe8368        0x4 c:/Espressif/ESP8266_SDK/lib\libpp.a(pp.o)
 *fill*         0x3ffe836c        0x4 
 .rodata        0x3ffe8370        0x8 c:/Espressif/ESP8266_SDK/lib\libnet80211.a(wl_cnx.o)
 .rodata        0x3ffe8378        0x6 c:/Espressif/ESP8266_SDK/lib\liblwip.a(etharp.o)
                0x3ffe8378                ethbroadcast
 *(.rodata.*)
 *fill*         0x3ffe837e        0x2 
 .rodata.str1.4
                0x3ffe8380        0xc c:/Espressif/ESP8266_SDK/lib\libmain.a(app_main.o)
 .rodata.str1.4
                0x3ffe838c        0x4 c:/Espressif/ESP8266_SDK/lib\libmain.a(ets_timer.o)
                                  0xc (size before relaxing)
 .rodata.str1.4
                0x3ffe8390        0x8 c:/Espressif/ESP8266_SDK/lib\libmain.a(mem_manager.o)
 .rodata._ZL14EspDigitalPins
                0x3ffe8398       0xc0 c:/tools/sming/Sming/compiler/lib/\libsming.a(user_main.o)
 .rodata._ZTV6VectorI8DelegateIFvvEEE
                0x3ffe8458       0x1c c:/tools/sming/Sming/compiler/lib/\libsming.a(System.o)
                0x3ffe8458                vtable for Vector<Delegate<void ()> >
 .rodata._ZTV6VectorIP19ISystemReadyHandlerE
                0x3ffe8474       0x1c c:/tools/sming/Sming/compiler/lib/\libsming.a(System.o)
                0x3ffe8474                vtable for Vector<ISystemReadyHandler*>
 .rodata.str1.1
                0x3ffe8490       0x21 c:/tools/sming/Sming/compiler/lib/\libsming.a(stringconversion.o)
 .rodata.str1.1
                0x3ffe84b1        0xf c:/tools/sming/Sming/compiler/lib/\libsming.a(IPAddress.o)
                                 0x10 (size before relaxing)
 .rodata._ZTV9IPAddress
                0x3ffe84c0        0xc c:/tools/sming/Sming/compiler/lib/\libsming.a(IPAddress.o)
                0x3ffe84c0                vtable for IPAddress
 .rodata.str1.1
                0x00000000        0x1 c:/tools/sming/Sming/compiler/lib/\libsming.a(WString.o)
 .rodata.str1.1
                0x3ffe84cc       0x23 c:/tools/sming/Sming/compiler/lib/\libsming.a(Digital.o)
 *fill*         0x3ffe84ef        0x1 
 .rodata._ZL14EspDigitalPins
                0x3ffe84f0       0xc0 c:/tools/sming/Sming/compiler/lib/\libsming.a(Digital.o)
 .rodata.str1.1
                0x3ffe85b0      0x1ec out/build/app_app.a(application.o)
                                0x1f8 (size before relaxing)
 .rodata._ZTV14FunctionCallerIPFvR9TcpClientbEvJS1_bEE
                0x3ffe879c       0x14 out/build/app_app.a(application.o)
                0x3ffe879c                vtable for FunctionCaller<void (*)(TcpClient&, bool), void, TcpClient&, bool>
 .rodata._ZTV14FunctionCallerIPFbR9TcpClientPciEbJS1_S2_iEE
                0x3ffe87b0       0x14 out/build/app_app.a(application.o)
                0x3ffe87b0                vtable for FunctionCaller<bool (*)(TcpClient&, char*, int), bool, TcpClient&, char*, int>
 .rodata._ZTV14FunctionCallerIPFvP9TcpClientEvJS1_EE
                0x3ffe87c4       0x14 out/build/app_app.a(application.o)
                0x3ffe87c4                vtable for FunctionCaller<void (*)(TcpClient*), void, TcpClient*>
 .rodata.str1.1
                0x3ffe87d8        0xc c:/tools/sming/Sming/compiler/lib/\libmicroc.a(abort.o)
 .rodata.str1.4
                0x3ffe87e4        0x4 c:/Espressif/ESP8266_SDK/lib\libpp.a(lmac.o)
                                  0xc (size before relaxing)
 .rodata.str1.4
                0x3ffe87e8        0x3 c:/Espressif/ESP8266_SDK/lib\libpp.a(pm.o)
                                  0xb (size before relaxing)
 *fill*         0x3ffe87eb        0x1 
 .rodata.str1.4
                0x3ffe87ec        0x4 c:/Espressif/ESP8266_SDK/lib\libpp.a(pm_for_bcn_only_mode.o)
                                  0xc (size before relaxing)
 .rodata.str1.4
                0x3ffe87f0        0x3 c:/Espressif/ESP8266_SDK/lib\libpp.a(pp.o)
                                  0xb (size before relaxing)
 *fill*         0x3ffe87f3        0x1 
 .rodata.str1.4
                0x3ffe87f4        0x4 c:/Espressif/ESP8266_SDK/lib\libpp.a(wdev.o)
                                  0xc (size before relaxing)
 .rodata.str1.4
                0x3ffe87f8        0x4 c:/Espressif/ESP8266_SDK/lib\liblwip.a(espconn_tcp.o)
                                  0x1 (size before relaxing)
 .rodata.str1.1
                0x00000000        0xc c:/tools/sming/Sming/compiler/lib/\libsming.a(HardwareSerial.o)
                                  0x3 (size before relaxing)
 .rodata._ZTV14HardwareSerial
                0x3ffe87fc       0x20 c:/tools/sming/Sming/compiler/lib/\libsming.a(HardwareSerial.o)
                0x3ffe87fc                vtable for HardwareSerial
 .rodata.str1.1
                0x3ffe881c       0x1e c:/tools/sming/Sming/compiler/lib/\libsming.a(TcpClient.o)
 *fill*         0x3ffe883a        0x2 
 .rodata._ZTV9TcpClient
                0x3ffe883c       0x3c c:/tools/sming/Sming/compiler/lib/\libsming.a(TcpClient.o)
                0x3ffe883c                vtable for TcpClient
 .rodata.str1.1
                0x3ffe8878      0x203 c:/tools/sming/Sming/compiler/lib/\libsming.a(TcpConnection.o)
                                0x220 (size before relaxing)
 *fill*         0x3ffe8a7b        0x1 
 .rodata._ZTV13TcpConnection
                0x3ffe8a7c       0x38 c:/tools/sming/Sming/compiler/lib/\libsming.a(TcpConnection.o)
                0x3ffe8a7c                vtable for TcpConnection
 .rodata.str1.1
                0x3ffe8ab4      0x16a c:/tools/sming/Sming/compiler/lib/\libsming.a(TcpServer.o)
 *fill*         0x3ffe8c1e        0x2 
 .rodata._ZTV9TcpServer
                0x3ffe8c20       0x50 c:/tools/sming/Sming/compiler/lib/\libsming.a(TcpServer.o)
                0x3ffe8c20                vtable for TcpServer
 .rodata._ZTV12MethodCallerIM9TcpServerFbR9TcpClientPciEE
                0x3ffe8c70       0x14 c:/tools/sming/Sming/compiler/lib/\libsming.a(TcpServer.o)
                0x3ffe8c70                vtable for MethodCaller<bool (TcpServer::*)(TcpClient&, char*, int)>
 .rodata._ZTV12MethodCallerIM9TcpServerFvR9TcpClientbEE
                0x3ffe8c84       0x14 c:/tools/sming/Sming/compiler/lib/\libsming.a(TcpServer.o)
                0x3ffe8c84                vtable for MethodCaller<void (TcpServer::*)(TcpClient&, bool)>
 .rodata.str1.1
                0x3ffe8c98       0xf0 c:/tools/sming/Sming/compiler/lib/\libsming.a(AccessPoint.o)
                                 0xf1 (size before relaxing)
 .rodata._ZTV16AccessPointClass
                0x3ffe8d88       0x14 c:/tools/sming/Sming/compiler/lib/\libsming.a(AccessPoint.o)
                0x3ffe8d88                vtable for AccessPointClass
 .rodata.str1.1
                0x3ffe8d9c      0x1d9 c:/tools/sming/Sming/compiler/lib/\libsming.a(Station.o)
                                0x20f (size before relaxing)
 *fill*         0x3ffe8f75        0x3 
 .rodata._ZTV12StationClass
                0x3ffe8f78       0x14 c:/tools/sming/Sming/compiler/lib/\libsming.a(Station.o)
                0x3ffe8f78                vtable for StationClass
 .rodata._ZTV6VectorI7BssInfoE
                0x3ffe8f8c       0x1c c:/tools/sming/Sming/compiler/lib/\libsming.a(Station.o)
                0x3ffe8f8c                vtable for Vector<BssInfo>
 .rodata._ZTV8WDTClass
                0x3ffe8fa8       0x14 c:/tools/sming/Sming/compiler/lib/\libsming.a(WDT.o)
                0x3ffe8fa8                vtable for WDTClass
 .rodata.str1.1
                0x3ffe8fbc       0xd4 c:/tools/sming/Sming/compiler/lib/\libsming.a(CommandExecutor.o)
                                 0xd5 (size before relaxing)
 .rodata.str1.1
                0x3ffe9090      0x247 c:/tools/sming/Sming/compiler/lib/\libsming.a(CommandHandler.o)
                                0x256 (size before relaxing)
 .rodata.str1.1
                0x3ffe92d7      0x156 c:/tools/sming/Sming/compiler/lib/\libsming.a(DataSourceStream.o)
                                0x157 (size before relaxing)
 *fill*         0x3ffe942d        0x3 
 .rodata._ZTV16MemoryDataStream
                0x3ffe9430       0x48 c:/tools/sming/Sming/compiler/lib/\libsming.a(DataSourceStream.o)
                0x3ffe9430                vtable for MemoryDataStream
 .rodata.str1.1
                0x3ffe9478       0x10 c:/tools/sming/Sming/compiler/lib/\libsming.a(ArduinoJson.o)
                                 0x11 (size before relaxing)
 .rodata.str1.1
                0x00000000        0x1 c:/tools/sming/Sming/compiler/lib/\libsming.a(CommandDelegate.o)
 *(.gnu.linkonce.r.*)
 *(.rodata1)
                0x3ffe9488                __XT_EXCEPTION_TABLE__ = ABSOLUTE (.)
 *(.xt_except_table)
 *(.gcc_except_table)
 *(.gnu.linkonce.e.*)
 *(.gnu.version_r)
 *(.eh_frame)
                0x3ffe9488                . = ((. + 0x3) & 0xfffffffc)
                0x3ffe9488                __dso_handle = ABSOLUTE (.)
                0x3ffe9488                __init_array_start = ABSOLUTE (.)
 *crtbegin.o(.ctors)
 *(EXCLUDE_FILE(*crtend.o) .ctors)
 .ctors         0x3ffe9488        0x4 c:/tools/sming/Sming/compiler/lib/\libsming.a(user_main.o)
 .ctors         0x3ffe948c        0x4 c:/tools/sming/Sming/compiler/lib/\libsming.a(System.o)
 .ctors         0x3ffe9490        0x4 c:/tools/sming/Sming/compiler/lib/\libsming.a(m_printf.o)
 .ctors         0x3ffe9494        0x4 c:/tools/sming/Sming/compiler/lib/\libsming.a(IPAddress.o)
 .ctors         0x3ffe9498        0x4 c:/tools/sming/Sming/compiler/lib/\libsming.a(Print.o)
 .ctors         0x3ffe949c        0x4 c:/tools/sming/Sming/compiler/lib/\libsming.a(WString.o)
 .ctors         0x3ffe94a0        0x4 c:/tools/sming/Sming/compiler/lib/\libsming.a(Interrupts.o)
 .ctors         0x3ffe94a4        0x4 c:/tools/sming/Sming/compiler/lib/\libsming.a(Digital.o)
 .ctors         0x3ffe94a8        0x4 out/build/app_app.a(application.o)
 .ctors         0x3ffe94ac        0x4 c:/tools/sming/Sming/compiler/lib/\libsming.a(Clock.o)
 .ctors         0x3ffe94b0        0x4 c:/tools/sming/Sming/compiler/lib/\libsming.a(HardwareSerial.o)
 .ctors         0x3ffe94b4        0x4 c:/tools/sming/Sming/compiler/lib/\libsming.a(TcpClient.o)
 .ctors         0x3ffe94b8        0x4 c:/tools/sming/Sming/compiler/lib/\libsming.a(TcpConnection.o)
 .ctors         0x3ffe94bc        0x4 c:/tools/sming/Sming/compiler/lib/\libsming.a(TcpServer.o)
 .ctors         0x3ffe94c0        0x4 c:/tools/sming/Sming/compiler/lib/\libsming.a(AccessPoint.o)
 .ctors         0x3ffe94c4        0x4 c:/tools/sming/Sming/compiler/lib/\libsming.a(Station.o)
 .ctors         0x3ffe94c8        0x4 c:/tools/sming/Sming/compiler/lib/\libsming.a(WDT.o)
 .ctors         0x3ffe94cc        0x4 c:/tools/sming/Sming/compiler/lib/\libsming.a(CommandExecutor.o)
 .ctors         0x3ffe94d0        0x4 c:/tools/sming/Sming/compiler/lib/\libsming.a(CommandHandler.o)
 .ctors         0x3ffe94d4        0x4 c:/tools/sming/Sming/compiler/lib/\libsming.a(CommandOutput.o)
 .ctors         0x3ffe94d8        0x4 c:/tools/sming/Sming/compiler/lib/\libsming.a(OneWire.o)
 .ctors         0x3ffe94dc        0x4 c:/tools/sming/Sming/compiler/lib/\libsming.a(DataSourceStream.o)
 .ctors         0x3ffe94e0        0x4 c:/tools/sming/Sming/compiler/lib/\libsming.a(SystemClock.o)
 .ctors         0x3ffe94e4        0x4 c:/tools/sming/Sming/compiler/lib/\libsming.a(RTC.o)
 .ctors         0x3ffe94e8        0x4 c:/tools/sming/Sming/compiler/lib/\libsming.a(ArduinoJson.o)
 .ctors         0x3ffe94ec        0x4 c:/tools/sming/Sming/compiler/lib/\libsming.a(CommandDelegate.o)
 .ctors         0x3ffe94f0        0x4 c:/tools/sming/Sming/compiler/lib/\libsming.a(DateTime.o)
 *(SORT(.ctors.*))
 *(.ctors)
                0x3ffe94f4                __init_array_end = ABSOLUTE (.)
 *crtbegin.o(.dtors)
 *(EXCLUDE_FILE(*crtend.o) .dtors)
 .dtors         0x3ffe94f4        0x4 c:/tools/sming/Sming/compiler/lib/\libsming.a(System.o)
 .dtors         0x3ffe94f8        0x4 c:/tools/sming/Sming/compiler/lib/\libsming.a(Interrupts.o)
 .dtors         0x3ffe94fc        0x4 out/build/app_app.a(application.o)
 .dtors         0x3ffe9500        0x4 c:/tools/sming/Sming/compiler/lib/\libsming.a(HardwareSerial.o)
 .dtors         0x3ffe9504        0x4 c:/tools/sming/Sming/compiler/lib/\libsming.a(Station.o)
 .dtors         0x3ffe9508        0x4 c:/tools/sming/Sming/compiler/lib/\libsming.a(ArduinoJson.o)
 *(SORT(.dtors.*))
 *(.dtors)
                0x3ffe950c                __XT_EXCEPTION_DESCS__ = ABSOLUTE (.)
 *(.xt_except_desc)
 *(.gnu.linkonce.h.*)
                0x3ffe950c                __XT_EXCEPTION_DESCS_END__ = ABSOLUTE (.)
 *(.xt_except_desc_end)
 *(.dynamic)
 *(.gnu.version_d)
                0x3ffe950c                . = ALIGN (0x4)
                0x3ffe950c                _bss_table_start = ABSOLUTE (.)
                0x3ffe950c        0x4 LONG 0x3ffe9518 _bss_start
                0x3ffe9510        0x4 LONG 0x3fff0208 _bss_end
                0x3ffe9514                _bss_table_end = ABSOLUTE (.)
                0x3ffe9514                _rodata_end = ABSOLUTE (.)

.bss            0x3ffe9518     0x6cf0
                0x3ffe9518                . = ALIGN (0x8)
                0x3ffe9518                _bss_start = ABSOLUTE (.)
 *(.dynsbss)
 *(.sbss)
 *(.sbss.*)
 *(.gnu.linkonce.sb.*)
 *(.scommon)
 *(.sbss2)
 *(.sbss2.*)
 *(.gnu.linkonce.sb2.*)
 *(.dynbss)
 *(.bss)
 *fill*         0x3ffe9518        0x8 
 .bss           0x3ffe9520      0x1c0 c:/Espressif/ESP8266_SDK/lib\libmain.a(nmi-vector.o)
 .bss           0x3ffe96e0       0x41 c:/Espressif/ESP8266_SDK/lib\libmain.a(app_main.o)
                0x3ffe96e4                info
                0x3ffe9708                lwip_timer_interval
                0x3ffe970c                check_timeouts_timer
                0x3ffe9720                user_init_flag
 *fill*         0x3ffe9721        0xf 
 .bss           0x3ffe9730       0x30 c:/Espressif/ESP8266_SDK/lib\libmain.a(ets_timer.o)
                0x3ffe9730                timer_list
                0x3ffe9734                debug_timer
                0x3ffe9738                debug_timerfn
 .bss           0x3ffe9760       0x18 c:/Espressif/ESP8266_SDK/lib\libmain.a(mem_manager.o)
 .bss           0x3ffe9778        0x4 c:/Espressif/ESP8266_SDK/lib\libmain.a(spi_flash.o)
                0x3ffe9778                flash_read
 *fill*         0x3ffe977c        0x4 
 .bss           0x3ffe9780      0x151 c:/Espressif/ESP8266_SDK/lib\libmain.a(user_interface.o)
                0x3ffe9877                deep_sleep_flag
                0x3ffe9878                cpu_overclock
                0x3ffe987c                event_cb
                0x3ffe9880                status_led_output_level
                0x3ffe9884                done_cb
                0x3ffe9888                rst_if
                0x3ffe98a4                default_interface
                0x3ffe98a5                OpmodChgIsOnGoing
                0x3ffe98a8                bcn_ie
                0x3ffe98b0                promiscuous_cb
 *fill*         0x3ffe98d1        0x3 
 .bss           0x3ffe98d4        0xc c:/Espressif/ESP8266_SDK/lib\libmain.a(eagle_lwip_if.o)
                0x3ffe98d4                hostname
 .bss           0x3ffe98e0        0x4 c:/Espressif/ESP8266_SDK/lib\libphy.a(phy.o)
 .bss           0x3ffe98e4        0x2 c:/Espressif/ESP8266_SDK/lib\libphy.a(phy_chip_v6_ana.o)
                0x3ffe98e4                tout_dis_txpwr_track
                0x3ffe98e5                sleep_mode_flag
 *fill*         0x3ffe98e6        0xa 
 .bss           0x3ffe98f0      0x353 c:/Espressif/ESP8266_SDK/lib\libphy.a(phy_chip_v6.o)
                0x3ffe98f0                g_phyFuns
                0x3ffe98f4                rxiq_compute_num
                0x3ffe98f8                rxdc_init_flag
                0x3ffe98fc                check_result
                0x3ffe9900                chip6_sleep_params
                0x3ffe9a88                chip6_phy_init_ctrl
                0x3ffe9afc                phy_freq_offset
                0x3ffe9afe                do_pwctrl_flag
                0x3ffe9aff                pwctrl_debug
                0x3ffe9b00                txbk_dpdby_flag
                0x3ffe9b02                sw_scan_mode
                0x3ffe9b03                rxmax_ext_level
                0x3ffe9b14                periodic_cal_dc_num
                0x3ffe9b18                periodic_cal_flag
                0x3ffe9b19                bbpll_cal_flag
                0x3ffe9b1a                phy_in_most_power
                0x3ffe9b1b                txpwr_adjust_quick
                0x3ffe9b1c                rtc_mem_check_fail
                0x3ffe9b20                test_print_time
                0x3ffe9b24                phy_in_vdd33_offset
                0x3ffe9b25                phy_set_most_tpw_disbg
                0x3ffe9b26                phy_set_most_tpw_index
                0x3ffe9b28                adc_rand_noise
                0x3ffe9b2c                dpd_bypass_original
                0x3ffe9b30                noise_array
 *fill*         0x3ffe9c43        0x1 
 .bss           0x3ffe9c44        0x6 c:/Espressif/ESP8266_SDK/lib\libphy.a(phy_chip_v6_cal.o)
                0x3ffe9c44                loop_pwctrl_pwdet_error_accum_high_power
                0x3ffe9c46                tx_pwctrl_pk_num
                0x3ffe9c47                loop_pwctrl_correct_atten_high_power
                0x3ffe9c48                tx_pwctrl_set_chan_flag
                0x3ffe9c49                rxiq_cover_fail_num
 *fill*         0x3ffe9c4a        0x2 
 .bss           0x3ffe9c4c        0x7 c:/Espressif/ESP8266_SDK/lib\libphy.a(phy_sleep.o)
                0x3ffe9c4c                periodic_cal_sat
                0x3ffe9c4e                lslp_mem_opt_8266
                0x3ffe9c50                software_slp_reject
                0x3ffe9c51                SDIO_slp_reject
                0x3ffe9c52                hardware_reject
 *fill*         0x3ffe9c53        0xd 
 .bss           0x3ffe9c60       0x30 c:/Espressif/ESP8266_SDK/lib\libpp.a(if_hwctrl.o)
                0x3ffe9c60                interface_mask
                0x3ffe9c70                if_ctrl
 .bss           0x3ffe9c90      0x150 c:/Espressif/ESP8266_SDK/lib\libpp.a(lmac.o)
                0x3ffe9c94                lmacConfMib
 .bss           0x3ffe9de0      0x11a c:/Espressif/ESP8266_SDK/lib\libpp.a(pm.o)
                0x3ffe9de0                pmc
 *fill*         0x3ffe9efa        0x2 
 .bss           0x3ffe9efc       0x30 c:/Espressif/ESP8266_SDK/lib\libpp.a(pm_for_bcn_only_mode.o)
 *fill*         0x3ffe9f2c        0x4 
 .bss           0x3ffe9f30      0x2e2 c:/Espressif/ESP8266_SDK/lib\libpp.a(pp.o)
                0x3ffe9f48                pend_flag_noise_check
                0x3ffe9f50                pend_flag_periodic_cal
                0x3ffe9f68                idle_timer_reopen_flag
                0x3ffe9f69                dbg_stop_sw_wdt
                0x3ffe9f6a                dbg_stop_hw_wdt
                0x3ffe9f6c                DefFreqCalTimer
                0x3ffe9f80                HighestFreqOffsetInOneChk
                0x3ffe9f82                LowestFreqOffsetInOneChk
 *fill*         0x3ffea212        0xe 
 .bss           0x3ffea220      0x100 c:/Espressif/ESP8266_SDK/lib\libpp.a(rate_control.o)
 .bss           0x3ffea320      0x46c c:/Espressif/ESP8266_SDK/lib\libpp.a(trc.o)
 *fill*         0x3ffea78c        0x4 
 .bss           0x3ffea790     0x2f68 c:/Espressif/ESP8266_SDK/lib\libpp.a(wdev.o)
                0x3ffea790                wDevCtrl
                0x3ffea938                WdevTimOffSet
 *fill*         0x3ffed6f8        0x8 
 .bss           0x3ffed700     0x1294 c:/Espressif/ESP8266_SDK/lib\libpp.a(esf_buf.o)
 .bss           0x3ffee994      0x548 c:/Espressif/ESP8266_SDK/lib\libnet80211.a(ieee80211.o)
                0x3ffee994                g_ic
 .bss           0x3ffeeedc       0x40 c:/Espressif/ESP8266_SDK/lib\libnet80211.a(ieee80211_hostap.o)
                0x3ffeeedc                BcnEb_update
                0x3ffeef00                PendFreeBcnEb
                0x3ffeef04                ApFreqCalTimer
 .bss           0x3ffeef1c       0xc8 c:/Espressif/ESP8266_SDK/lib\libnet80211.a(ieee80211_scan.o)
                0x3ffeef1c                gScanStruct
                0x3ffeefc8                connect_scan_flag
                0x3ffeefc9                FreqCalCntForScan
                0x3ffeefca                TestStaFreqCalValInput
                0x3ffeefcc                auth_type
                0x3ffeefce                scannum
 *fill*         0x3ffeefe4        0x4 
 .bss           0x3ffeefe8       0x10 c:/Espressif/ESP8266_SDK/lib\libnet80211.a(ieee80211_sta.o)
 .bss           0x3ffeeff8       0x3c c:/Espressif/ESP8266_SDK/lib\libnet80211.a(wl_chm.o)
 *fill*         0x3ffef034        0x4 
 .bss           0x3ffef038      0x378 c:/Espressif/ESP8266_SDK/lib\libnet80211.a(wl_cnx.o)
                0x3ffef398                sta_con_timer
                0x3ffef3ac                g_cnx_probe_rc_list_cb
 .bss           0x3ffef3b0       0x10 c:/Espressif/ESP8266_SDK/lib\libnet80211.a(ieee80211_action_vendor.o)
 .bss           0x3ffef3c0       0x38 c:/Espressif/ESP8266_SDK/lib\liblwip.a(dhcp.o)
                0x3ffef3c0                dhcp_rx_options_given
                0x3ffef3d0                dhcp_rx_options_val
 .bss           0x3ffef3f8       0x24 c:/Espressif/ESP8266_SDK/lib\liblwip.a(dhcpserver.o)
                0x3ffef408                s
 *fill*         0x3ffef41c        0x4 
 .bss           0x3ffef420      0x480 c:/Espressif/ESP8266_SDK/lib\liblwip.a(dns.o)
 .bss           0x3ffef8a0       0x78 c:/Espressif/ESP8266_SDK/lib\liblwip.a(espconn_tcp.o)
                0x3ffef8a0                espconn_TaskQueue
 *fill*         0x3ffef918        0x8 
 .bss           0x3ffef920      0x100 c:/Espressif/ESP8266_SDK/lib\liblwip.a(etharp.o)
                0x3ffef924                ethzero
 .bss           0x3ffefa20       0x10 c:/Espressif/ESP8266_SDK/lib\liblwip.a(ip_addr.o)
 .bss           0x3ffefa30       0x12 c:/Espressif/ESP8266_SDK/lib\liblwip.a(ip.o)
                0x3ffefa30                current_iphdr_dest
                0x3ffefa34                current_iphdr_src
                0x3ffefa38                current_netif
                0x3ffefa3c                current_header
 *fill*         0x3ffefa42        0x2 
 .bss           0x3ffefa44        0x9 c:/Espressif/ESP8266_SDK/lib\liblwip.a(netif.o)
                0x3ffefa44                netif_list
                0x3ffefa48                netif_default
 *fill*         0x3ffefa4d        0x3 
 .bss           0x3ffefa50        0x4 c:/Espressif/ESP8266_SDK/lib\liblwip.a(raw.o)
 .bss           0x3ffefa54       0x34 c:/Espressif/ESP8266_SDK/lib\liblwip.a(tcp_in.o)
                0x3ffefa84                tcp_input_pcb
 .bss           0x3ffefa88       0x1c c:/Espressif/ESP8266_SDK/lib\liblwip.a(tcp.o)
                0x3ffefa8c                tcp_active_pcbs
                0x3ffefa90                tcp_tmp_pcb
                0x3ffefa94                tcp_tw_pcbs
                0x3ffefa98                tcp_bound_pcbs
                0x3ffefa9c                tcp_listen_pcbs
                0x3ffefaa0                tcp_ticks
 .bss           0x3ffefaa4        0xc c:/Espressif/ESP8266_SDK/lib\liblwip.a(timers.o)
 .bss           0x3ffefab0        0x4 c:/Espressif/ESP8266_SDK/lib\liblwip.a(udp.o)
                0x3ffefab0                udp_pcbs
 *fill*         0x3ffefab4        0xc 
 .bss           0x3ffefac0      0x104 c:/Espressif/ESP8266_SDK/lib\liblwip.a(espconn.o)
                0x3ffefac0                plink_active
                0x3ffefac4                pserver_list
                0x3ffefad0                premot
                0x3ffefb90                pktinfo
 .bss           0x3ffefbc4        0xc c:/Espressif/ESP8266_SDK/lib\liblwip.a(igmp.o)
 .bss           0x3ffefbd0      0x26a c:/Espressif/ESP8266_SDK/lib\libwpa.a(wpa.o)
 *fill*         0x3ffefe3a        0x6 
 .bss           0x3ffefe40        0x8 c:/Espressif/ESP8266_SDK/lib\libnet80211.a(ieee80211_crypto_tkip.o)
 *(.bss.*)
 .bss._ZL5ESP01
                0x3ffefe48       0x30 c:/tools/sming/Sming/compiler/lib/\libsming.a(user_main.o)
 .bss._ZL11INADDR_NONE
                0x3ffefe78        0x8 c:/tools/sming/Sming/compiler/lib/\libsming.a(user_main.o)
 .bss.System    0x3ffefe80       0x2c c:/tools/sming/Sming/compiler/lib/\libsming.a(System.o)
                0x3ffefe80                System
 .bss._ZL5ESP01
                0x3ffefeac       0x30 c:/tools/sming/Sming/compiler/lib/\libsming.a(m_printf.o)
 .bss._ZL11INADDR_NONE
                0x3ffefedc        0x8 c:/tools/sming/Sming/compiler/lib/\libsming.a(m_printf.o)
 .bss._ZL5ESP01
                0x3ffefee4       0x30 c:/tools/sming/Sming/compiler/lib/\libsming.a(IPAddress.o)
 .bss._ZL11INADDR_NONE
                0x3ffeff14        0x8 c:/tools/sming/Sming/compiler/lib/\libsming.a(Print.o)
 .bss._ZZN6StringixEjE19dummy_writable_char
                0x3ffeff1c        0x1 c:/tools/sming/Sming/compiler/lib/\libsming.a(WString.o)
 *fill*         0x3ffeff1d        0x3 
 .bss._ZL11INADDR_NONE
                0x3ffeff20        0x8 c:/tools/sming/Sming/compiler/lib/\libsming.a(WString.o)
 .bss._delegateFunctionList
                0x3ffeff28       0x40 c:/tools/sming/Sming/compiler/lib/\libsming.a(Interrupts.o)
                0x3ffeff28                _delegateFunctionList
 .bss._ZL11INADDR_NONE
                0x3ffeff68        0x8 c:/tools/sming/Sming/compiler/lib/\libsming.a(Interrupts.o)
 .bss._ZL11INADDR_NONE
                0x3ffeff70        0x8 c:/tools/sming/Sming/compiler/lib/\libsming.a(Digital.o)
 .bss.tcpServer
                0x3ffeff78       0x20 out/build/app_app.a(application.o)
                0x3ffeff78                tcpServer
 .bss.temp      0x3ffeff98        0x4 out/build/app_app.a(application.o)
                0x3ffeff98                temp
 .bss.error     0x3ffeff9c        0x1 out/build/app_app.a(application.o)
                0x3ffeff9c                error
 .bss.type_s    0x3ffeff9d        0x1 out/build/app_app.a(application.o)
                0x3ffeff9d                type_s
 .bss.addr      0x3ffeff9e        0x8 out/build/app_app.a(application.o)
                0x3ffeff9e                addr
 *fill*         0x3ffeffa6        0x2 
 .bss.procTimer
                0x3ffeffa8       0x30 out/build/app_app.a(application.o)
                0x3ffeffa8                procTimer
 .bss.oneWire   0x3ffeffd8       0x14 out/build/app_app.a(application.o)
                0x3ffeffd8                oneWire
 .bss._ZL5ESP01
                0x3ffeffec       0x30 out/build/app_app.a(application.o)
 .bss._ZL11INADDR_NONE
                0x3fff001c        0x8 out/build/app_app.a(application.o)
 .bss._ZL11INADDR_NONE
                0x3fff0024        0x8 c:/tools/sming/Sming/compiler/lib/\libsming.a(Clock.o)
 .bss.Serial    0x3fff002c       0x14 c:/tools/sming/Sming/compiler/lib/\libsming.a(HardwareSerial.o)
                0x3fff002c                Serial
 .bss._ZN14HardwareSerial10memberDataE
                0x3fff0040       0x18 c:/tools/sming/Sming/compiler/lib/\libsming.a(HardwareSerial.o)
                0x3fff0040                HardwareSerial::memberData
 .bss._ZL11INADDR_NONE
                0x3fff0058        0x8 c:/tools/sming/Sming/compiler/lib/\libsming.a(HardwareSerial.o)
 .bss._ZL11INADDR_NONE
                0x3fff0060        0x8 c:/tools/sming/Sming/compiler/lib/\libsming.a(TcpClient.o)
 .bss._ZL11INADDR_NONE
                0x3fff0068        0x8 c:/tools/sming/Sming/compiler/lib/\libsming.a(TcpConnection.o)
 .bss._ZN9TcpServer16totalConnectionsE
                0x3fff0070        0x2 c:/tools/sming/Sming/compiler/lib/\libsming.a(TcpServer.o)
                0x3fff0070                TcpServer::totalConnections
 *fill*         0x3fff0072        0x2 
 .bss._ZL11INADDR_NONE
                0x3fff0074        0x8 c:/tools/sming/Sming/compiler/lib/\libsming.a(TcpServer.o)
 .bss.WifiAccessPoint
                0x3fff007c        0x8 c:/tools/sming/Sming/compiler/lib/\libsming.a(AccessPoint.o)
                0x3fff007c                WifiAccessPoint
 .bss._ZL5ESP01
                0x3fff0084       0x30 c:/tools/sming/Sming/compiler/lib/\libsming.a(AccessPoint.o)
 .bss._ZL11INADDR_NONE
                0x3fff00b4        0x8 c:/tools/sming/Sming/compiler/lib/\libsming.a(AccessPoint.o)
 .bss.WifiStation
                0x3fff00bc       0x20 c:/tools/sming/Sming/compiler/lib/\libsming.a(Station.o)
                0x3fff00bc                WifiStation
 .bss._ZL5ESP01
                0x3fff00dc       0x30 c:/tools/sming/Sming/compiler/lib/\libsming.a(Station.o)
 .bss._ZL11INADDR_NONE
                0x3fff010c        0x8 c:/tools/sming/Sming/compiler/lib/\libsming.a(Station.o)
 .bss.WDT       0x3fff0114        0x8 c:/tools/sming/Sming/compiler/lib/\libsming.a(WDT.o)
                0x3fff0114                WDT
 .bss._ZL11INADDR_NONE
                0x3fff011c        0x8 c:/tools/sming/Sming/compiler/lib/\libsming.a(CommandExecutor.o)
 .bss.commandHandler
                0x3fff0124        0x4 c:/tools/sming/Sming/compiler/lib/\libsming.a(CommandHandler.o)
                0x3fff0124                commandHandler
 .bss._ZL11INADDR_NONE
                0x3fff0128        0x8 c:/tools/sming/Sming/compiler/lib/\libsming.a(CommandHandler.o)
 .bss._ZL11INADDR_NONE
                0x3fff0130        0x8 c:/tools/sming/Sming/compiler/lib/\libsming.a(CommandOutput.o)
 .bss._ZL5ESP01
                0x3fff0138       0x30 c:/tools/sming/Sming/compiler/lib/\libsming.a(OneWire.o)
 .bss._ZL11INADDR_NONE
                0x3fff0168        0x8 c:/tools/sming/Sming/compiler/lib/\libsming.a(OneWire.o)
 .bss._ZL11INADDR_NONE
                0x3fff0170        0x8 c:/tools/sming/Sming/compiler/lib/\libsming.a(DataSourceStream.o)
 .bss.SystemClock
                0x3fff0178       0x18 c:/tools/sming/Sming/compiler/lib/\libsming.a(SystemClock.o)
                0x3fff0178                SystemClock
 .bss._ZL11INADDR_NONE
                0x3fff0190        0x8 c:/tools/sming/Sming/compiler/lib/\libsming.a(SystemClock.o)
 .bss.RTC       0x3fff0198        0x1 c:/tools/sming/Sming/compiler/lib/\libsming.a(RTC.o)
                0x3fff0198                RTC
 *fill*         0x3fff0199        0x7 
 .bss._ZN11ArduinoJson11JsonVariant8_invalidE
                0x3fff01a0       0x10 c:/tools/sming/Sming/compiler/lib/\libsming.a(ArduinoJson.o)
                0x3fff01a0                ArduinoJson::JsonVariant::_invalid
 .bss._ZN11ArduinoJson10JsonObject8_invalidE
                0x3fff01b0        0x8 c:/tools/sming/Sming/compiler/lib/\libsming.a(ArduinoJson.o)
                0x3fff01b0                ArduinoJson::JsonObject::_invalid
 .bss._ZN11ArduinoJson17JsonStringStorage8_invalidE
                0x3fff01b8        0x8 c:/tools/sming/Sming/compiler/lib/\libsming.a(ArduinoJson.o)
                0x3fff01b8                ArduinoJson::JsonStringStorage::_invalid
 .bss._ZN11ArduinoJson9JsonArray8_invalidE
                0x3fff01c0        0x8 c:/tools/sming/Sming/compiler/lib/\libsming.a(ArduinoJson.o)
                0x3fff01c0                ArduinoJson::JsonArray::_invalid
 .bss._ZL11INADDR_NONE
                0x3fff01c8        0x8 c:/tools/sming/Sming/compiler/lib/\libsming.a(CommandDelegate.o)
 .bss._ZL5ESP01
                0x3fff01d0       0x30 c:/tools/sming/Sming/compiler/lib/\libsming.a(DateTime.o)
 .bss._ZL11INADDR_NONE
                0x3fff0200        0x8 c:/tools/sming/Sming/compiler/lib/\libsming.a(DateTime.o)
 *(.gnu.linkonce.b.*)
 *(COMMON)
                0x3fff0208                . = ALIGN (0x8)
                0x3fff0208                _bss_end = ABSOLUTE (.)
                0x3fff0208                _heap_start = ABSOLUTE (.)

.irom0.text     0x40209000    0x2e8de
                0x40209000                _irom0_text_start = ABSOLUTE (.)
 *(.irom0.literal .irom.literal .irom.text.literal .irom0.text .irom.text)
 .irom0.text    0x40209000      0x769 c:/Espressif/ESP8266_SDK/lib\libmain.a(app_main.o)
                                0x8d5 (size before relaxing)
                0x402091e8                wdt_init
                0x40209274                user_uart_wait_tx_fifo_empty
                0x40209340                user_rf_pre_init
 *fill*         0x40209769        0x3 
 .irom0.text    0x4020976c      0x186 c:/Espressif/ESP8266_SDK/lib\libmain.a(ets_timer.o)
                                0x1b2 (size before relaxing)
                0x40209774                ets_timer_done
                0x402097c0                ets_timer_handler_isr
                0x40209890                ets_timer_init
 *fill*         0x402098f2        0x2 
 .irom0.text    0x402098f4       0x4e c:/Espressif/ESP8266_SDK/lib\libmain.a(mem_manager.o)
                                 0x52 (size before relaxing)
                0x402098f8                xPortGetFreeHeapSize
                0x40209900                vPortInitialiseBlocks
 *fill*         0x40209942        0x2 
 .irom0.text    0x40209944     0x2b59 c:/Espressif/ESP8266_SDK/lib\libmain.a(user_interface.o)
                               0x3399 (size before relaxing)
                0x40209948                system_set_os_print
                0x40209958                system_get_os_print
                0x40209b20                system_pp_recycle_rx_pkt
                0x40209b34                system_adc_read
                0x40209b4c                system_get_vdd33
                0x40209b78                system_restart_local
                0x40209c4c                system_restart
                0x40209ca4                system_restore
                0x40209d00                system_get_flash_size_map
                0x40209d20                system_get_boot_version
                0x40209d58                system_get_test_result
                0x40209d80                system_get_userbin_addr
                0x40209e18                system_get_boot_mode
                0x40209e48                system_restart_enhance
                0x40209f78                system_upgrade_userbin_set
                0x40209fc4                system_upgrade_userbin_check
                0x4020a004                system_upgrade_flag_set
                0x4020a018                system_upgrade_flag_check
                0x4020a040                system_upgrade_reboot
                0x4020a150                system_deep_sleep
                0x4020a1b0                system_deep_sleep_set_option
                0x4020a1cc                system_phy_temperature_alert
                0x4020a1e0                system_phy_set_max_tpw
                0x4020a1f4                system_phy_set_tpw_via_vdd33
                0x4020a208                system_phy_set_rfoption
                0x4020a220                system_update_cpu_freq
                0x4020a27c                system_get_cpu_freq
                0x4020a294                system_overclock
                0x4020a2c0                system_restoreclock
                0x4020a2f0                system_timer_reinit
                0x4020a308                system_relative_time
                0x4020a328                system_station_got_ip_set
                0x4020a430                system_print_meminfo
                0x4020a490                system_get_free_heap_size
                0x4020a4a8                system_get_chip_id
                0x4020a4cc                system_rtc_clock_cali_proc
                0x4020a4e0                system_get_rtc_time
                0x4020a4f4                system_mktime
                0x4020a5c4                system_init_done_cb
                0x4020a5cc                system_get_rst_info
                0x4020a5d4                system_get_data_of_array_8
                0x4020a5f8                system_get_data_of_array_16
                0x4020a624                system_get_string_from_flash
                0x4020a690                wifi_softap_dhcps_start
                0x4020a6d8                wifi_softap_dhcps_stop
                0x4020a718                wifi_softap_dhcps_status
                0x4020a720                wifi_station_dhcpc_start
                0x4020a778                wifi_station_dhcpc_stop
                0x4020a7b8                wifi_station_dhcpc_status
                0x4020a824                wifi_get_opmode
                0x4020a838                wifi_get_opmode_default
                0x4020a8b4                wifi_get_broadcast_if
                0x4020a8f0                wifi_set_broadcast_if
                0x4020aa00                wifi_set_opmode
                0x4020aa14                wifi_set_opmode_current
                0x4020aa28                system_get_checksum
                0x4020aa68                wifi_param_save_protect_with_check
                0x4020aaf0                system_param_save_with_protect
                0x4020ab98                system_save_sys_param
                0x4020abc4                system_param_load
                0x4020acf0                wifi_station_get_config
                0x4020ad04                wifi_station_get_config_default
                0x4020ad24                wifi_station_get_ap_info
                0x4020addc                wifi_station_ap_number_set
                0x4020b080                wifi_station_set_config
                0x4020b094                wifi_station_set_config_current
                0x4020b0a8                wifi_station_get_current_ap_id
                0x4020b0bc                wifi_station_ap_check
                0x4020b0f4                wifi_station_ap_change
                0x4020b1e8                wifi_station_scan
                0x4020b234                wifi_station_get_auto_connect
                0x4020b248                wifi_station_set_auto_connect
                0x4020b29c                wifi_station_connect
                0x4020b330                wifi_station_disconnect
                0x4020b3f0                wifi_station_get_connect_status
                0x4020b420                wifi_station_set_reconnect_policy
                0x4020b438                wifi_station_get_reconnect_policy
                0x4020b440                wifi_station_get_rssi
                0x4020b488                wifi_station_set_default_hostname
                0x4020b4e0                wifi_station_get_hostname
                0x4020b508                wifi_station_set_hostname
                0x4020b594                wifi_softap_cacl_mac
                0x4020b600                wifi_softap_set_default_ssid
                0x4020b7c8                wifi_softap_get_config
                0x4020b7dc                wifi_softap_get_config_default
                0x4020ba44                wifi_softap_set_config
                0x4020ba58                wifi_softap_set_config_current
                0x4020ba6c                wifi_softap_set_station_info
                0x4020bad4                wifi_softap_get_station_info
                0x4020bb7c                wifi_softap_free_station_info
                0x4020bbb8                wifi_softap_get_station_num
                0x4020bc0c                wifi_softap_deauth
                0x4020bcbc                wifi_softap_get_beacon_only_mode
                0x4020bcd0                wifi_softap_set_beacon_only_mode
                0x4020bd38                wifi_set_user_ie
                0x4020bda8                wifi_get_user_ie
                0x4020bdb8                wifi_get_phy_mode
                0x4020bdc0                wifi_set_phy_mode
                0x4020be88                wifi_set_sleep_type
                0x4020bea4                wifi_get_sleep_type
                0x4020bebc                wifi_get_channel
                0x4020bed4                wifi_set_channel
                0x4020bf18                wifi_promiscuous_set_mac
                0x4020bf78                wifi_promiscuous_enable
                0x4020c05c                wifi_set_promiscuous_rx_cb
                0x4020c06c                wifi_get_ip_info
                0x4020c0ec                wifi_set_ip_info
                0x4020c160                wifi_get_macaddr
                0x4020c1c0                wifi_set_macaddr
                0x4020c2a8                wifi_enable_6m_rate
                0x4020c2b0                wifi_get_user_fixed_rate
                0x4020c2d0                wifi_set_user_fixed_rate
                0x4020c2f0                wifi_send_pkt_freedom
                0x4020c348                wifi_status_led_install
                0x4020c37c                wifi_status_led_uninstall
                0x4020c3a0                wifi_set_status_led_output_level
                0x4020c3b4                wifi_set_event_handler_cb
                0x4020c3c4                system_os_task
                0x4020c404                system_uart_swap
                0x4020c464                system_uart_de_swap
                0x4020c498                system_get_sdk_version
 *fill*         0x4020c49d        0x3 
 .irom0.text    0x4020c4a0      0x5eb c:/Espressif/ESP8266_SDK/lib\libmain.a(eagle_lib.o)
                                0x5fb (size before relaxing)
                0x4020c4a4                divide
                0x4020c4e0                skip_atoi
                0x4020c660                ets_vsnprintf
                0x4020c9c0                ets_vsprintf
                0x4020c9e4                ets_sprintf
                0x4020ca0c                ets_strcat
                0x4020ca2c                ets_strrchr
                0x4020ca58                ets_strchr
                0x4020ca70                bit_popcount
 *fill*         0x4020ca8b        0x1 
 .irom0.text    0x4020ca8c      0x2c6 c:/Espressif/ESP8266_SDK/lib\libmain.a(eagle_lwip_if.o)
                                0x366 (size before relaxing)
                0x4020cb3c                eagle_lwip_if_alloc
                0x4020ccd4                eagle_lwip_if_free
                0x4020cd30                eagle_lwip_getif
 *fill*         0x4020cd52        0x2 
 .irom0.literal
                0x4020cd54        0x0 c:/tools/sming/Sming/compiler/lib/\libmicroc.a(strchr.o)
                                  0x4 (size before relaxing)
 .irom0.literal
                0x4020cd54        0xc c:/tools/sming/Sming/compiler/lib/\libmicroc.a(strchrnul.o)
 .irom0.literal
                0x4020cd60        0x4 c:/tools/sming/Sming/compiler/lib/\libmicroc.a(malloc.o)
                                 0x14 (size before relaxing)
 .irom0.literal
                0x4020cd64        0x4 c:/tools/sming/Sming/compiler/lib/\libmicroc.a(abort.o)
                                  0x8 (size before relaxing)
 .irom0.literal
                0x4020cd68        0x8 c:/tools/sming/Sming/compiler/lib/\libmicrogcc.a(_divsf3.o)
                                 0x10 (size before relaxing)
 .irom0.text    0x4020cd70       0x25 c:/tools/sming/Sming/compiler/lib/\libmicroc.a(strchr.o)
                                 0x29 (size before relaxing)
                0x4020cd70                strchr
 *fill*         0x4020cd95        0x3 
 .irom0.text    0x4020cd98       0x75 c:/tools/sming/Sming/compiler/lib/\libmicroc.a(strchrnul.o)
                0x4020cd98                strchrnul
                0x4020cd98                __strchrnul
 *fill*         0x4020ce0d        0x3 
 .irom0.text    0x4020ce10       0x65 c:/tools/sming/Sming/compiler/lib/\libmicroc.a(malloc.o)
                0x4020ce10                malloc
                0x4020ce24                free
                0x4020ce38                realloc
                0x4020ce4c                zalloc
                0x4020ce60                calloc
 *fill*         0x4020ce75        0x3 
 .irom0.text    0x4020ce78       0x11 c:/tools/sming/Sming/compiler/lib/\libmicroc.a(abort.o)
                0x4020ce78                abort
 *fill*         0x4020ce89        0x3 
 .irom0.text    0x4020ce8c       0xfa c:/Espressif/ESP8266_SDK/lib\libphy.a(phy.o)
                                0x11e (size before relaxing)
                0x4020ce90                rf_init
                0x4020ceac                bb_init
                0x4020cec4                phy_init
                0x4020cef4                RFChannelSel
                0x4020cf10                phy_delete_channel
                0x4020cf28                phy_enable_agc
                0x4020cf40                phy_disable_agc
                0x4020cf58                phy_initialize_bb
                0x4020cf70                phy_set_sense
 *fill*         0x4020cf86        0x2 
 .irom0.text    0x4020cf88     0x1767 c:/Espressif/ESP8266_SDK/lib\libphy.a(phy_chip_v6_ana.o)
                               0x193f (size before relaxing)
                0x4020cf8c                ram_pbus_set_rxgain
                0x4020d068                ram_pbus_debugmode
                0x4020d11c                ram_pbus_xpd_tx_on
                0x4020d188                set_rf_freq_offset
                0x4020d1fc                chip_v6_rxmax_ext_ana
                0x4020d350                ram_chip_v6_rx_init
                0x4020d384                tsen_meas
                0x4020d434                readvdd33
                0x4020d600                txpwr_offset
                0x4020d6bc                set_txcap_reg
                0x4020d73c                ram_ana_inf_gating_en
                0x4020d89c                ram_restart_cal
                0x4020d908                wait_rfpll_cal_end
                0x4020d99c                ram_rfpll_set_freq
                0x4020daa8                ram_set_channel_freq
                0x4020dda8                chip_60_set_channel
                0x4020df70                chip_v6_set_chan_offset
                0x4020dfb4                chip_v6_set_chan
                0x4020e054                chip_v6_set_chan_wakeup
                0x4020e0d0                chip_v6_rf_init
                0x4020e2dc                low_power_set
                0x4020e330                test_tout
                0x4020e4a8                check_data_flag
                0x4020e4cc                phy_get_check_flag
                0x4020e63c                phy_get_vdd33
 *fill*         0x4020e6ef        0x1 
 .irom0.text    0x4020e6f0     0x3b06 c:/Espressif/ESP8266_SDK/lib\libphy.a(phy_chip_v6.o)
                               0x4106 (size before relaxing)
                0x4020e6f0                ram_tx_mac_enable
                0x4020e6f4                rtc_mem_backup
                0x4020e724                rtc_mem_recovery
                0x4020e754                set_cal_rxdc
                0x4020e808                set_rx_gain_cal_iq
                0x4020eb64                gen_rx_gain_table
                0x4020eca4                pbus_set_rxbbgain
                0x4020ed24                set_rx_gain_testchip_50
                0x4020f060                ram_get_corr_power
                0x4020f150                check_data_func
                0x4020f170                do_noisefloor_lsleep_v50
                0x4020f1a4                do_noisefloor
                0x4020f214                start_dig_rx
                0x4020f258                stop_dig_rx
                0x4020f284                chip_v6_set_chanfreq
                0x4020f2bc                tx_cap_init
                0x4020f474                target_power_add_backoff
                0x4020f4c4                tx_pwctrl_init_cal
                0x4020f62c                tx_atten_set_interp
                0x4020f8a8                tx_pwctrl_init
                0x4020f99c                ram_get_noisefloor
                0x4020f9b8                get_noisefloor_sat
                0x4020f9e8                ram_set_noise_floor
                0x4020fa44                ram_start_noisefloor
                0x4020fa90                read_hw_noisefloor
                0x4020fabc                noise_check_loop
                0x4020fc18                noise_init
                0x4020fe14                target_power_backoff
                0x4020fe68                sdt_on_noise_start
                0x4020feec                chip_v6_set_chan_rx_cmp
                0x40210078                chip_v6_set_chan_misc
                0x4021010c                phy_dig_spur_set
                0x40210464                phy_dig_spur_prot
                0x4021069c                chip_v6_rxmax_ext_dig
                0x402106e8                chip_v6_rxmax_ext
                0x402107a0                phy_bb_rx_cfg
                0x40210ba4                uart_wait_idle
                0x40210bdc                phy_pbus_soc_cfg
                0x40210ca0                phy_gpio_cfg
                0x40210fe8                tx_cont_en
                0x40211090                tx_cont_dis
                0x402110e4                tx_cont_cfg
                0x40211104                chip_v6_initialize_bb
                0x40211270                periodic_cal
                0x40211354                bbpll_cal
                0x402113e8                periodic_cal_top
                0x4021144c                register_chipv6_phy_init_param
                0x402116ec                change_bbpll160_sleep
                0x402117dc                change_bbpll160
                0x40211814                set_crystal_uart
                0x402118a8                ant_switch_init
                0x40211954                reduce_current_init
                0x402119bc                rtc_mem_check
                0x402119f8                phy_afterwake_set_rfoption
                0x40211a2c                deep_sleep_set_option
                0x40211a58                write_data_to_rtc
                0x40211a90                get_data_from_rtc
                0x40211b1c                register_chipv6_phy
                0x40211ef4                set_dpd_bypass
                0x40211f1c                set_rf_gain_stage10
                0x40211f4c                get_vdd33_offset
                0x40211fc0                get_phy_target_power
                0x40212074                set_most_pwr_reg
                0x40212148                phy_set_most_tpw
                0x4021216c                phy_vdd33_set_tpw
                0x40212184                get_adc_rand
                0x402121b8                phy_get_rand
                0x402121d0                phy_tx_pwctrl_cali
 *fill*         0x402121f6        0x2 
 .irom0.text    0x402121f8     0x21a0 c:/Espressif/ESP8266_SDK/lib\libphy.a(phy_chip_v6_cal.o)
                               0x23f0 (size before relaxing)
                0x402121f8                txbbgain2dcoindex
                0x40212218                dcoindex2txbbgain
                0x4021223c                init_cal_dcoffset
                0x40212300                set_rfanagain_dc_reg
                0x4021239c                set_txdc_pbus
                0x40212408                get_rf_gain_qdb
                0x40212430                correct_rf_ana_gain
                0x40212538                get_sar_dout
                0x402125d0                cal_rf_ana_gain
                0x402126a8                meas_tone_pwr_db
                0x40212718                tx_pwr_backoff
                0x40212864                get_fcc_1m2m_pwr_offset
                0x402128a0                ram_set_txbb_atten
                0x40212934                txiq_get_mis_pwr
                0x402129d8                txiq_cover
                0x40212bf4                ram_rfcal_txiq
                0x40212e64                rc_cal
                0x40213024                get_target_power_offset
                0x4021312c                get_pwctrl_correct
                0x40213188                tx_pwctrl_cal
                0x40213530                tx_pwctrl_bg_init
                0x402135a8                tx_pwctrl_background
                0x4021365c                read_sar_dout
                0x402136c0                ram_get_fm_sar_dout
                0x40213764                ram_cal_tos_v60
                0x40213944                ram_get_bb_atten
                0x40213974                ram_rfcal_txcap
                0x40213b38                ram_rfcal_pwrctrl
                0x40213d54                ram_rxiq_get_mis
                0x40213f24                ram_rxiq_cover_mg_mp
                0x402140c8                ram_rfcal_rxiq
                0x402142d4                dpd_scale_set
                0x4021431c                dpd_mem_write
 .irom0.text    0x40214398      0xd92 c:/Espressif/ESP8266_SDK/lib\libphy.a(phy_sleep.o)
                                0xfae (size before relaxing)
                0x40214398                pm_usec2rtc
                0x402143cc                pm_rtc2usec
                0x402143dc                pm_set_sleep_cycles
                0x40214408                pm_sleep_opt
                0x40214520                pm_wakeup_opt
                0x40214558                get_chip_version
                0x40214598                pm_sleep_opt_bb_off
                0x402145d8                pm_sleep_opt_bb_on
                0x40214624                pm_set_pll_xtal_wait_time
                0x4021466c                pm_prepare_to_sleep
                0x40214690                pm_sdio_nidle
                0x40214704                chg_lslp_mem_opt_8266
                0x40214734                pm_goto_sleep
                0x40214880                pm_wait4wakeup
                0x402148bc                pm_open_rf
                0x40214904                pm_sleep_set_mac
                0x40214988                pm_set_wakeup_mac
                0x40214a24                pm_check_mac_idle
                0x40214a7c                pm_set_sleep_btco
                0x40214b1c                pm_set_wakeup_btco
                0x40214c34                pm_set_sleep_mode
                0x40214d50                pm_unmask_bt
                0x40214db8                pm_wakeup_init
                0x40214fcc                sleep_opt_8266
                0x40214fec                sleep_opt_bb_on_8266
                0x40215028                sleep_reset_analog_rtcreg_8266
 *fill*         0x4021512a        0x2 
 .irom0.text    0x4021512c      0x401 c:/Espressif/ESP8266_SDK/lib\libpp.a(if_hwctrl.o)
                                0x4f9 (size before relaxing)
                0x40215130                ic_get_addr
                0x4021513c                ic_set_opmode
                0x40215150                ic_enable_interface
                0x402151a0                ic_interface_enabled
                0x402151b4                ic_disable_interface
                0x402151fc                ic_is_pure_sta
                0x40215218                ic_get_ptk_alg
                0x40215228                ic_get_gtk_alg
                0x40215238                ic_set_ptk_alg
                0x40215248                ic_set_gtk_alg
                0x40215258                ic_interface_is_p2p
                0x402152e8                ic_set_vif
                0x40215384                ic_set_sta
                0x4021543c                ic_bss_info_update
                0x40215498                ic_set_key
                0x402154f4                ic_remove_key
                0x40215508                ic_get_rssi
 *fill*         0x4021552d        0x3 
 .irom0.text    0x40215530       0xfc c:/Espressif/ESP8266_SDK/lib\libpp.a(lmac.o)
                                0x114 (size before relaxing)
                0x40215534                lmacInitAc
                0x40215568                lmacInit
                0x40215610                lmacSetRetryLimit
 .irom0.text    0x4021562c     0x19c9 c:/Espressif/ESP8266_SDK/lib\libpp.a(pm.o)
                               0x1f41 (size before relaxing)
                0x40215634                pm_rtc_clock_cali_proc
                0x4021566c                pm_get_ck170_period
                0x40215690                pm_set_sleep_time
                0x40215948                pm_rf_is_closed
                0x40215978                pm_set_sleep_type_from_upper
                0x40215a68                pm_get_sleep_type
                0x40215c3c                uart_tx_flush
                0x40215c40                pm_suspend
                0x40215e7c                pm_shutdown
                0x40215f58                pm_reset_idle_sleep
                0x40215f98                pm_idle_sleep
                0x40215fa4                pm_open
                0x40216088                pm_onBcnRx
                0x4021641c                StopLightSleepSetFunc
                0x40216424                LightSleepWakedCbSetFunc
                0x40216a18                pm_enable_gpio_wakeup
                0x40216a50                pm_attach
                0x40216b44                pm_send_nullfunc
                0x40216ce8                pm_is_waked
                0x40216d00                pm_is_open
                0x40216d18                pm_scan_lock
                0x40216d40                pm_try_scan_unlock
                0x40216d58                pm_force_scan_unlock
                0x40216e14                pm_scan_unlocked
                0x40216e28                pm_allow_tx
                0x40216e44                pm_assoc_parse
                0x40216e5c                pm_set_addr
                0x40216e7c                pm_sleep_for
                0x40216eb0                pm_post
                0x40216fb4                pm_get_idle_wait_time
 *fill*         0x40216ff5        0x3 
 .irom0.text    0x40216ff8      0x991 c:/Espressif/ESP8266_SDK/lib\libpp.a(pm_for_bcn_only_mode.o)
                                0xcc9 (size before relaxing)
                0x4021700c                fpm_set_type_from_upper
                0x402170c8                fpm_get_slp_type
                0x402170d0                fpm_rf_is_closed
                0x402170e4                fpm_is_open
                0x402170f0                fpm_allow_tx
                0x40217114                fpm_close
                0x40217190                fpm_open
                0x402171f8                fpm_attach
                0x4021748c                fpm_do_wakeup
                0x40217910                fpm_do_sleep
 *fill*         0x40217989        0x3 
 .irom0.text    0x4021798c     0x13e6 c:/Espressif/ESP8266_SDK/lib\libpp.a(pp.o)
                               0x1746 (size before relaxing)
                0x40217994                PPWdtReset
                0x402179c0                pp_soft_wdt_init
                0x402179e4                system_soft_wdt_feed
                0x402179e4                pp_soft_wdt_feed
                0x40217a00                system_soft_wdt_stop
                0x40217a00                pp_soft_wdt_stop
                0x40217a2c                system_soft_wdt_restart
                0x40217a2c                pp_soft_wdt_restart
                0x40217a64                RxNodeNum
                0x40217a88                TxNodeNum
                0x40217aac                pp_disable_noise_timer
                0x40217acc                pp_enable_noise_timer
                0x40217bdc                pp_noise_test
                0x40217bec                reset_noise_timer
                0x40217c24                pp_disable_idle_timer
                0x40217c48                pp_enable_idle_timer
                0x40217c70                pp_try_enable_idle_timer
                0x40217ca8                ppPeocessRxPktHdr
                0x40217f90                ppTxPkt
                0x402180a4                ppProcessWaitQ
                0x402180b4                ppRegisterTxCallback
                0x402180e4                ppUnregisterTxCallback
                0x40218124                ppRecycleRxPkt
                0x40218184                ppCheckTxIdle
                0x402183f8                pp_tx_idle_timeout
                0x402185bc                DefFreqCalTimerCB
                0x402188ac                ppGetTxQFirstAvail_Locked
                0x40218990                pp_attach
 *fill*         0x40218d72        0x2 
 .irom0.text    0x40218d74      0x296 c:/Espressif/ESP8266_SDK/lib\libpp.a(rate_control.o)
                                0x2a2 (size before relaxing)
                0x40218fc0                RC_SetBasicRate
 *fill*         0x4021900a        0x2 
 .irom0.text    0x4021900c      0x3e5 c:/Espressif/ESP8266_SDK/lib\libpp.a(trc.o)
                                0x43d (size before relaxing)
                0x40219038                rcUpdatePhyMode
                0x4021911c                rcAttach
                0x40219168                rcGetTrc
                0x40219170                trc_onDisconnect
                0x40219174                trc_onScanStart
                0x40219188                trc_onScanDone
                0x402191a4                rc_enable_trc
                0x4021926c                rc_get_mask
                0x40219280                rc_disable_trc
                0x402192d4                rc_disable_trc_by_interface
                0x402192f0                rc_get_sta_trc
                0x40219334                rc_get_trc
                0x402193a4                rc_get_trc_by_index
                0x402193c4                rc_only_sta_trc
 *fill*         0x402193f1        0x3 
 .irom0.text    0x402193f4      0xaf3 c:/Espressif/ESP8266_SDK/lib\libpp.a(wdev.o)
                                0xc4b (size before relaxing)
                0x40219400                wDev_Option_Init
                0x402194f4                wDev_Enable_Beacon_Tsf
                0x40219510                wDev_Disable_Beacon_Tsf
                0x4021952c                wDev_Set_Beacon_Int
                0x40219534                wDev_Reset_TBTT
                0x40219564                wDev_Get_Next_TBTT
                0x402197dc                wDev_Initialize
                0x4021984c                wDevForceAck6M
                0x40219868                wDev_SetMacAddress
                0x40219904                wDev_SetRxPolicy
                0x40219958                wDev_SetBssid
                0x40219a30                wDev_ClearBssid
                0x40219a68                wDev_Insert_KeyEntry
                0x40219b5c                wDev_remove_KeyEntry
                0x40219b98                wDev_remove_KeyEntry_all_cnx
                0x40219be8                wDev_Crypto_Conf
                0x40219c84                wDev_Crypto_Disable
                0x40219cbc                wDevEnableRx
                0x40219ce4                wdev_go_sniffer
                0x40219dc0                wdev_set_sniffer_addr
                0x40219e18                wdev_exit_sniffer
 *fill*         0x40219ee7        0x1 
 .irom0.text    0x40219ee8      0x3c7 c:/Espressif/ESP8266_SDK/lib\libpp.a(esf_buf.o)
                                0x48b (size before relaxing)
                0x40219eec                esf_buf_alloc
                0x4021a088                esf_buf_recycle
                0x4021a1a8                esf_buf_setup
 *fill*         0x4021a2af        0x1 
 .irom0.text    0x4021a2b0      0x3ad c:/Espressif/ESP8266_SDK/lib\libnet80211.a(ieee80211.o)
                                0x461 (size before relaxing)
                0x4021a334                ieee80211_rate_ref_init
                0x4021a344                ieee80211_ifattach
                0x4021a398                ieee80211_mhz2ieee
                0x4021a3f4                ieee80211_chan2ieee
                0x4021a410                ieee80211_ieee2mhz
                0x4021a450                ieee80211_find_channel
                0x4021a47c                ieee80211_find_channel_byieee
                0x4021a4c8                wifi_mode_set
 *fill*         0x4021a65d        0x3 
 .irom0.text    0x4021a660       0xc7 c:/Espressif/ESP8266_SDK/lib\libnet80211.a(ieee80211_crypto.o)
                                 0xcf (size before relaxing)
                0x4021a660                ieee80211_crypto_attach
                0x4021a664                ieee80211_crypto_available
                0x4021a668                ieee80211_crypto_setkey
                0x4021a66c                ieee80211_crypto_encap
                0x4021a6bc                ieee80211_crypto_decap
 *fill*         0x4021a727        0x1 
 .irom0.text    0x4021a728       0x4c c:/Espressif/ESP8266_SDK/lib\libnet80211.a(ieee80211_ets.o)
                                 0x50 (size before relaxing)
                0x4021a72c                ieee80211_getmgtframe
 .irom0.text    0x4021a774     0x1415 c:/Espressif/ESP8266_SDK/lib\libnet80211.a(ieee80211_hostap.o)
                               0x188c (size before relaxing)
                0x4021ac18                ieee80211_hostap_attach
                0x4021acf4                hostap_handle_timer
                0x4021ad88                hostap_input
                0x4021b8a8                wifi_softap_start
                0x4021ba04                wifi_softap_stop
 *fill*         0x4021bb89        0x3 
 .irom0.text    0x4021bb8c      0xa5a c:/Espressif/ESP8266_SDK/lib\libnet80211.a(ieee80211_ht.o)
                                0xb22 (size before relaxing)
                0x4021bb9c                ieee80211_ht_attach
                0x4021bbec                ieee80211_ht_node_init
                0x4021bc28                ieee80211_ht_node_cleanup
                0x4021bc60                ieee80211_parse_htcap
                0x4021bd34                ieee80211_ht_updateparams
                0x4021be40                ieee80211_setup_htrates
                0x4021bf0c                ieee80211_setup_basic_htrates
                0x4021c250                ieee80211_add_htcap
                0x4021c26c                ieee80211_add_htcap_vendor
                0x4021c390                ieee80211_add_htinfo
                0x4021c3ac                ieee80211_add_htinfo_vendor
 *fill*         0x4021c5e6        0x2 
 .irom0.text    0x4021c5e8      0x954 c:/Espressif/ESP8266_SDK/lib\libnet80211.a(ieee80211_input.o)
                                0x9d0 (size before relaxing)
                0x4021c5e8                ieee80211_deliver_data
                0x4021c63c                ieee80211_decap
                0x4021c740                ieee80211_setup_rates
                0x4021c7ac                ieee80211_alloc_challenge
                0x4021c7e4                ieee80211_parse_beacon
                0x4021cc88                ieee80211_parse_wpa
                0x4021cd9c                ieee80211_parse_rsn
                0x4021ce9c                ieee80211_parse_action
                0x4021cf38                ieee80211_setup_rateset
 .irom0.text    0x4021cf3c     0x186f c:/Espressif/ESP8266_SDK/lib\libnet80211.a(ieee80211_output.o)
                               0x1b57 (size before relaxing)
                0x4021cf40                ieee80211_output_pbuf
                0x4021d19c                ieee80211_send_setup
                0x4021d2d0                ieee80211_mgmt_output
                0x4021d3b4                ieee80211_tx_mgt_cb
                0x4021d3b8                ieee80211_send_nulldata
                0x4021d814                ieee80211_add_rates
                0x4021d84c                ieee80211_add_xrates
                0x4021d910                ieee80211_send_probereq
                0x4021dabc                ieee80211_getcapinfo
                0x4021db14                ieee80211_send_mgmt
                0x4021e034                ieee80211_alloc_proberesp
                0x4021e190                ieee80211_send_proberesp
                0x4021e2d0                ieee80211_freedom_output
                0x4021e65c                ieee80211_beacon_alloc
 *fill*         0x4021e7ab        0x1 
 .irom0.text    0x4021e7ac       0xb6 c:/Espressif/ESP8266_SDK/lib\libnet80211.a(ieee80211_phy.o)
                                 0xd2 (size before relaxing)
                0x4021e7ac                ieee80211_phy_init
                0x4021e7e0                ieee80211_phy_type_get
                0x4021e7f8                ieee80211_setup_ratetable
 *fill*         0x4021e862        0x2 
 .irom0.text    0x4021e864      0x1b6 c:/Espressif/ESP8266_SDK/lib\libnet80211.a(ieee80211_power.o)
                                0x1f2 (size before relaxing)
                0x4021e864                ieee80211_psq_init
                0x4021e884                ieee80211_psq_cleanup
                0x4021e88c                ieee80211_set_tim
                0x4021e8cc                ieee80211_pwrsave
                0x4021e934                pwrsave_flushq
                0x4021e9e4                ieee80211_node_pwrsave
 *fill*         0x4021ea1a        0x2 
 .irom0.text    0x4021ea1c       0xd3 c:/Espressif/ESP8266_SDK/lib\libnet80211.a(ieee80211_proto.o)
                                 0xef (size before relaxing)
                0x4021ea20                ieee80211_proto_attach
                0x4021ea48                ieee80211_set_shortslottime
                0x4021ea64                ieee80211_iserp_rateset
                0x4021ea98                ieee80211_wme_initparams
                0x4021ea9c                ieee80211_wme_updateparams
                0x4021eaa0                ieee80211_mlme_connect_bss
 *fill*         0x4021eaef        0x1 
 .irom0.text    0x4021eaf0      0xdef c:/Espressif/ESP8266_SDK/lib\libnet80211.a(ieee80211_scan.o)
                               0x10fb (size before relaxing)
                0x4021eafc                ieee80211_scan_attach
                0x4021eb8c                scan_start
                0x4021ed0c                scan_pm_channel_op_cb
                0x4021eeac                scan_cancel
                0x4021eff0                scan_add_bssid
                0x4021f014                scan_remove_bssid
                0x4021f020                scan_hidden_ssid
                0x4021f028                scan_add_probe_ssid
                0x4021f07c                scan_remove_probe_ssid
                0x4021f1b8                scan_clear_channles
                0x4021f22c                scan_set_desChan
                0x4021f238                scan_get_type
                0x4021f240                cannel_scan_connect_state
                0x4021f258                scan_connect_state
                0x4021f2a0                scan_check_hidden
                0x4021f2c8                scan_profile_check
                0x4021f5f0                scan_parse_beacon
 *fill*         0x4021f8df        0x1 
 .irom0.text    0x4021f8e0      0xd9a c:/Espressif/ESP8266_SDK/lib\libnet80211.a(ieee80211_sta.o)
                                0xfa1 (size before relaxing)
                0x4021f940                sta_status_set
                0x4021f9a8                ieee80211_sta_new_state
                0x4021fcb4                sta_input
                0x40220094                ieee80211_parse_wmeparams
                0x402205d0                wifi_station_start
                0x40220640                wifi_station_stop
 *fill*         0x4022067a        0x2 
 .irom0.text    0x4022067c      0x29e c:/Espressif/ESP8266_SDK/lib\libnet80211.a(wl_chm.o)
                                0x31e (size before relaxing)
                0x40220688                chm_init
                0x402206ec                chm_acquire_lock
                0x40220730                chm_release_lock
                0x40220744                chm_start_op
                0x402207e8                chm_end_op
                0x40220830                chm_cancel_op
                0x40220864                chm_return_home_channel
                0x40220894                chm_set_current_channel
                0x402208c4                chm_freq2index
                0x402208ec                chm_check_same_channel
 *fill*         0x4022091a        0x2 
 .irom0.text    0x4022091c     0x13c7 c:/Espressif/ESP8266_SDK/lib\libnet80211.a(wl_cnx.o)
                               0x1817 (size before relaxing)
                0x40220928                cnx_attach
                0x40220968                cnx_sta_connect_led_timer_cb
                0x402209b8                cnx_sta_connect_cmd
                0x40220a74                cnx_sta_scan_cmd
                0x40220cb0                cnx_connect_timeout
                0x40220d18                cnx_start_handoff_cb
                0x40221150                cnx_bss_alloc
                0x402211f0                cnx_rc_search
                0x40221270                cnx_add_rc
                0x402212dc                cnx_remove_all_rc
                0x40221328                cnx_remove_rc
                0x402213f8                cnx_rc_update_rssi
                0x40221480                cnx_rc_update_state_metric
                0x402214ec                cnx_rc_update_age
                0x40221510                cnx_update_bss
                0x40221544                cnx_update_bss_more
                0x402216e4                cnx_sta_leave
                0x40221838                cnx_sta_associated
                0x402218e8                cnx_node_alloc
                0x40221954                cnx_node_remove
                0x402219d4                cnx_node_search
                0x40221a50                cnx_node_leave
                0x40221b34                cnx_node_join
 *fill*         0x40221ce3        0x1 
 .irom0.text    0x40221ce4      0x16f c:/Espressif/ESP8266_SDK/lib\libnet80211.a(ieee80211_action.o)
                                0x193 (size before relaxing)
                0x40221cf4                ieee80211_send_action_register
                0x40221d28                ieee80211_send_action_unregister
                0x40221d3c                ieee80211_send_action
                0x40221da8                ieee80211_recv_action_register
                0x40221ddc                ieee80211_recv_action_unregister
                0x40221df0                ieee80211_recv_action
 *fill*         0x40221e53        0x1 
 .irom0.text    0x40221e54      0x47d c:/Espressif/ESP8266_SDK/lib\libnet80211.a(ieee80211_action_vendor.o)
                                0x50d (size before relaxing)
                0x40221e58                get_iav_key
                0x40221e78                register_ieee80211_action_vendor_get_key_cb
                0x40221e8c                unregister_ieee80211_action_vendor_get_key_cb
                0x40221e9c                ieee80211_add_action_vendor_spec_esp
                0x40221ee4                ieee80211_alloc_action_vendor_spec
                0x40221fd0                ieee80211_send_action_vendor_spec
                0x4022216c                ieee80211_recv_action_vendor_spec
                0x40222274                ieee80211_action_vendor_spec_attach
                0x402222b4                register_ieee80211_action_vendor_spec_cb
                0x402222c8                unregister_ieee80211_action_vendor_spec_cb
 *fill*         0x402222d1        0x3 
 .irom0.text    0x402222d4      0x15d c:/Espressif/ESP8266_SDK/lib\libnet80211.a(ieee80211_crypto_ccmp.o)
                                0x165 (size before relaxing)
 *fill*         0x40222431        0x3 
 .irom0.text    0x40222434      0x1f9 c:/Espressif/ESP8266_SDK/lib\libnet80211.a(ieee80211_ie_vendor.o)
                                0x225 (size before relaxing)
                0x40222434                ieee80211_add_ie_vendor_esp_head
                0x4022246c                ieee80211_add_ie_vendor_esp_mesh_assoc
                0x402224f8                ieee80211_add_ie_vendor_esp_mesh_group
                0x40222528                ieee80211_add_ie_vendor_esp_simple_pair
                0x40222578                ieee80211_add_ie_vendor_esp_freq_annon
                0x402225b0                ieee80211_add_ie_vendor_esp_now
                0x402225e8                ieee80211_add_ie_vendor_esp_manufacturer
 *fill*         0x4022262d        0x3 
 .irom0.text    0x40222630     0x136a c:/Espressif/ESP8266_SDK/lib\liblwip.a(dhcp.o)
                               0x154a (size before relaxing)
                0x402228ac                dhcp_coarse_tmr
                0x402228f4                dhcp_fine_tmr
                0x40222b1c                dhcp_set_struct
                0x40222b40                dhcp_cleanup
                0x40222b64                dhcp_start
                0x40222c14                dhcp_inform
                0x40222cc0                dhcp_network_changed
                0x40222d08                dhcp_arp_reply
                0x40223004                dhcp_renew
                0x40223278                dhcp_release
                0x40223338                dhcp_stop
 *fill*         0x4022399a        0x2 
 .irom0.text    0x4022399c      0xa93 c:/Espressif/ESP8266_SDK/lib\liblwip.a(dhcpserver.o)
                                0xc33 (size before relaxing)
                0x4022399c                node_insert_to_list
                0x402239b8                node_remove_from_list
                0x402240dc                dhcps_start
                0x40224144                dhcps_stop
                0x402241ac                wifi_softap_set_dhcps_lease
                0x40224290                wifi_softap_get_dhcps_lease
                0x40224380                dhcps_coarse_tmr
                0x402243ec                wifi_softap_set_dhcps_offer_option
 *fill*         0x4022442f        0x1 
 .irom0.text    0x40224430      0x5b3 c:/Espressif/ESP8266_SDK/lib\liblwip.a(dns.o)
                                0x663 (size before relaxing)
                0x4022443c                dns_init
                0x4022447c                dns_setserver
                0x4022449c                dns_getserver
                0x402244b0                dns_tmr
                0x4022498c                dns_gethostbyname
 *fill*         0x402249e3        0x1 
 .irom0.text    0x402249e4      0xeb8 c:/Espressif/ESP8266_SDK/lib\liblwip.a(espconn_tcp.o)
                               0x1164 (size before relaxing)
                0x40224ab8                espconn_kill_oldest_pcb
                0x40224b2c                espconn_kill_pcb
                0x40224ba4                espconn_find_current_pcb
                0x40224e78                espconn_tcp_sent
                0x40224f30                espconn_tcp_disconnect
                0x40224fb0                espconn_recv_hold
                0x40224ff4                espconn_recv_unhold
                0x402250f4                espconn_tcp_write
                0x4022531c                espconn_tcp_client
                0x40225754                espconn_tcp_server
                0x402257f8                espconn_tcp_delete
                0x40225880                espconn_init
 .irom0.text    0x4022589c      0x8b7 c:/Espressif/ESP8266_SDK/lib\liblwip.a(etharp.o)
                                0x99b (size before relaxing)
                0x402258d0                etharp_tmr
                0x40225af0                etharp_cleanup_netif
                0x40225b2c                etharp_find_addr
                0x40225d80                etharp_output
                0x40225e94                etharp_query
                0x402260b8                etharp_request
                0x402260dc                ethernet_input
 *fill*         0x40226153        0x1 
 .irom0.text    0x40226154       0x40 c:/Espressif/ESP8266_SDK/lib\liblwip.a(init.o)
                                 0x60 (size before relaxing)
                0x40226158                lwip_init
 .irom0.text    0x40226194      0x37a c:/Espressif/ESP8266_SDK/lib\liblwip.a(ip_addr.o)
                                0x3a2 (size before relaxing)
                0x40226194                ip4_addr_isbroadcast
                0x402261c0                ip4_addr_netmask_valid
                0x40226200                ipaddr_addr
                0x4022621c                ipaddr_aton
                0x40226438                ipaddr_ntoa
                0x4022644c                ipaddr_ntoa_r
 *fill*         0x4022650e        0x2 
 .irom0.text    0x40226510      0x581 c:/Espressif/ESP8266_SDK/lib\liblwip.a(ip.o)
                                0x62d (size before relaxing)
                0x40226510                ip_route
                0x4022658c                ip_router
                0x40226608                ip_input
                0x40226860                ip_output_if
                0x4022687c                ip_output_if_opt
                0x40226a58                ip_output
 *fill*         0x40226a91        0x3 
 .irom0.text    0x40226a94      0x27d c:/Espressif/ESP8266_SDK/lib\liblwip.a(netif.o)
                                0x2bd (size before relaxing)
                0x40226a94                netif_init
                0x40226a9c                netif_add
                0x40226b04                netif_set_addr
                0x40226b2c                netif_remove
                0x40226b88                netif_find
                0x40226bc4                netif_set_ipaddr
                0x40226c2c                netif_set_gw
                0x40226c3c                netif_set_netmask
                0x40226c4c                netif_set_default
                0x40226c54                netif_set_up
                0x40226c90                netif_set_down
                0x40226cb4                netif_set_link_up
                0x40226d00                netif_set_link_down
 *fill*         0x40226d11        0x3 
 .irom0.text    0x40226d14      0x60e c:/Espressif/ESP8266_SDK/lib\liblwip.a(pbuf.o)
                                0x656 (size before relaxing)
                0x40226d14                pbuf_alloc
                0x40226e60                pbuf_realloc
                0x40226ea8                pbuf_header
                0x40226f14                pbuf_free
                0x40226f8c                pbuf_clen
                0x40226fa4                pbuf_ref
                0x40226fb0                pbuf_cat
                0x40226fdc                pbuf_chain
                0x40226ff8                pbuf_dechain
                0x40227034                pbuf_copy
                0x402270d8                pbuf_copy_partial
                0x40227158                pbuf_take
                0x402271b8                pbuf_coalesce
                0x402271ec                pbuf_get_at
                0x40227214                pbuf_memcmp
                0x40227280                pbuf_memfind
                0x402272d8                pbuf_strstr
 *fill*         0x40227322        0x2 
 .irom0.text    0x40227324      0x1de c:/Espressif/ESP8266_SDK/lib\liblwip.a(raw.o)
                                0x232 (size before relaxing)
                0x4022732c                raw_input
                0x402273b4                raw_bind
                0x402273c4                raw_connect
                0x402273d4                raw_recv
                0x402273dc                raw_sendto
                0x40227478                raw_send
                0x4022748c                raw_remove
                0x402274c0                raw_new
 *fill*         0x40227502        0x2 
 .irom0.text    0x40227504     0x1074 c:/Espressif/ESP8266_SDK/lib\liblwip.a(tcp_in.o)
                               0x1240 (size before relaxing)
                0x40227508                tcp_input
 .irom0.text    0x40228578      0xa3b c:/Espressif/ESP8266_SDK/lib\liblwip.a(tcp.o)
                                0xb53 (size before relaxing)
                0x4022857c                tcp_tmr
                0x402285a0                tcp_close
                0x402285c4                tcp_shutdown
                0x40228620                tcp_abandon
                0x402286b4                tcp_abort
                0x402286cc                tcp_bind
                0x40228748                tcp_listen_with_backlog
                0x402287f8                tcp_update_rcv_ann_wnd
                0x4022883c                tcp_recved
                0x40228898                tcp_connect
                0x402289a4                tcp_slowtmr
                0x40228c2c                tcp_fasttmr
                0x40228ca8                tcp_segs_free
                0x40228cc4                tcp_seg_free
                0x40228cec                tcp_setprio
                0x40228cf4                tcp_recv_null
                0x40228dac                tcp_alloc
                0x40228e80                tcp_new
                0x40228e94                tcp_arg
                0x40228e98                tcp_recv
                0x40228ea0                tcp_sent
                0x40228ea8                tcp_err
                0x40228eb0                tcp_accept
                0x40228eb4                tcp_poll
                0x40228ebc                tcp_pcb_purge
                0x40228f04                tcp_pcb_remove
                0x40228f6c                tcp_next_iss
                0x40228f80                tcp_eff_send_mss
 *fill*         0x40228fb3        0x1 
 .irom0.text    0x40228fb4      0xebb c:/Espressif/ESP8266_SDK/lib\liblwip.a(tcp_out.o)
                                0xfbb (size before relaxing)
                0x402290ac                tcp_send_fin
                0x40229288                tcp_write
                0x402295c4                tcp_enqueue_flags
                0x402296a8                tcp_send_empty_ack
                0x4022973c                tcp_output